Java HotSpot(TM) 64-Bit Server VM (25.202-b08) for windows-amd64 JRE (1.8.0_202-b08), built on Dec 15 2018 19:54:30 by "java_re" with MS VC++ 10.0 (VS2010)
Memory: 4k page, physical 16580024k(9379976k free), swap 19070392k(10143120k free)
CommandLine flags: -XX:InitialHeapSize=2147483648 -XX:MaxHeapSize=2147483648 -XX:+PrintGC -XX:+PrintGCDetails -XX:+PrintGCTimeStamps -XX:+UseCompressedClassPointers -XX:+UseCompressedOops -XX:-UseLargePagesIndividualAllocation -XX:+UseSerialGC 
0.342: [GC (Allocation Failure) 0.342: [DefNew: 559232K->69887K(629120K), 0.0682572 secs] 559232K->153864K(2027264K), 0.0684147 secs] [Times: user=0.05 sys=0.02, real=0.07 secs] 
0.479: [GC (Allocation Failure) 0.480: [DefNew: 629119K->69888K(629120K), 0.0864359 secs] 713096K->276548K(2027264K), 0.0872261 secs] [Times: user=0.03 sys=0.05, real=0.09 secs] 
0.626: [GC (Allocation Failure) 0.626: [DefNew: 629120K->69887K(629120K), 0.0657479 secs] 835780K->401534K(2027264K), 0.0657933 secs] [Times: user=0.03 sys=0.03, real=0.07 secs] 
0.752: [GC (Allocation Failure) 0.752: [DefNew: 629119K->69887K(629120K), 0.0667036 secs] 960766K->530046K(2027264K), 0.0667484 secs] [Times: user=0.02 sys=0.05, real=0.07 secs] 
0.878: [GC (Allocation Failure) 0.878: [DefNew: 629119K->69887K(629120K), 0.0642467 secs] 1089278K->654670K(2027264K), 0.0642918 secs] [Times: user=0.03 sys=0.03, real=0.06 secs] 
1.004: [GC (Allocation Failure) 1.004: [DefNew: 629119K->69888K(629120K), 0.0633777 secs] 1213902K->778525K(2027264K), 0.0634555 secs] [Times: user=0.06 sys=0.00, real=0.06 secs] 
Heap
 def new generation   total 629120K, used 196987K [0x0000000080000000, 0x00000000aaaa0000, 0x00000000aaaa0000)
  eden space 559232K,  22% used [0x0000000080000000, 0x0000000087c1ec20, 0x00000000a2220000)
  from space 69888K, 100% used [0x00000000a2220000, 0x00000000a6660000, 0x00000000a6660000)
  to   space 69888K,   0% used [0x00000000a6660000, 0x00000000a6660000, 0x00000000aaaa0000)
 tenured generation   total 1398144K, used 708637K [0x00000000aaaa0000, 0x0000000100000000, 0x0000000100000000)
   the space 1398144K,  50% used [0x00000000aaaa0000, 0x00000000d5ea77d0, 0x00000000d5ea7800, 0x0000000100000000)
 Metaspace       used 2614K, capacity 4486K, committed 4864K, reserved 1056768K
  class space    used 288K, capacity 386K, committed 512K, reserved 1048576K
