Java HotSpot(TM) 64-Bit Server VM (25.202-b08) for windows-amd64 JRE (1.8.0_202-b08), built on Dec 15 2018 19:54:30 by "java_re" with MS VC++ 10.0 (VS2010)
Memory: 4k page, physical 16580024k(9183100k free), swap 19070392k(9908416k free)
CommandLine flags: -XX:InitialHeapSize=536870912 -XX:MaxHeapSize=536870912 -XX:MaxNewSize=178958336 -XX:MaxTenuringThreshold=6 -XX:NewSize=178958336 -XX:OldPLABSize=16 -XX:OldSize=357912576 -XX:+PrintGC -XX:+PrintGCDetails -XX:+PrintGCTimeStamps -XX:+UseCompressedClassPointers -XX:+UseCompressedOops -XX:+UseConcMarkSweepGC -XX:-UseLargePagesIndividualAllocation -XX:+UseParNewGC 
0.163: [GC (Allocation Failure) 0.164: [ParNew: 139776K->17468K(157248K), 0.0092206 secs] 139776K->43982K(506816K), 0.0094908 secs] [Times: user=0.00 sys=0.00, real=0.01 secs] 
0.191: [GC (Allocation Failure) 0.191: [ParNew: 157244K->17469K(157248K), 0.0101969 secs] 183758K->89981K(506816K), 0.0102573 secs] [Times: user=0.00 sys=0.00, real=0.01 secs] 
0.221: [GC (Allocation Failure) 0.221: [ParNew: 157245K->17472K(157248K), 0.0238058 secs] 229757K->134219K(506816K), 0.0238654 secs] [Times: user=0.19 sys=0.05, real=0.02 secs] 
0.262: [GC (Allocation Failure) 0.262: [ParNew: 157236K->17468K(157248K), 0.0242950 secs] 273983K->176986K(506816K), 0.0243573 secs] [Times: user=0.22 sys=0.00, real=0.03 secs] 
0.302: [GC (Allocation Failure) 0.302: [ParNew: 156850K->17470K(157248K), 0.0267801 secs] 316367K->222469K(506816K), 0.0268402 secs] [Times: user=0.11 sys=0.01, real=0.03 secs] 
0.329: [GC (CMS Initial Mark) [1 CMS-initial-mark: 204998K(349568K)] 225693K(506816K), 0.0001964 secs] [Times: user=0.00 sys=0.00, real=0.00 secs] 
0.329: [CMS-concurrent-mark-start]
0.331: [CMS-concurrent-mark: 0.002/0.002 secs] [Times: user=0.05 sys=0.00, real=0.00 secs] 
0.331: [CMS-concurrent-preclean-start]
0.331: [CMS-concurrent-preclean: 0.000/0.000 secs] [Times: user=0.00 sys=0.00, real=0.00 secs] 
0.332: [CMS-concurrent-abortable-preclean-start]
0.346: [GC (Allocation Failure) 0.346: [ParNew: 157246K->17470K(157248K), 0.0242995 secs] 362245K->262650K(506816K), 0.0243550 secs] [Times: user=0.11 sys=0.02, real=0.02 secs] 
0.389: [GC (Allocation Failure) 0.389: [ParNew: 157246K->17470K(157248K), 0.0264304 secs] 402426K->303967K(506816K), 0.0265003 secs] [Times: user=0.22 sys=0.01, real=0.03 secs] 
0.432: [GC (Allocation Failure) 0.432: [ParNew: 157246K->17471K(157248K), 0.0286693 secs] 443743K->348220K(506816K), 0.0287435 secs] [Times: user=0.19 sys=0.05, real=0.03 secs] 
0.462: [CMS-concurrent-abortable-preclean: 0.004/0.130 secs] [Times: user=0.56 sys=0.08, real=0.13 secs] 
0.462: [GC (CMS Final Remark) [YG occupancy: 25091 K (157248 K)]0.462: [Rescan (parallel) , 0.0004004 secs]0.462: [weak refs processing, 0.0000085 secs]0.462: [class unloading, 0.0001879 secs]0.463: [scrub symbol table, 0.0003078 secs]0.463: [scrub string table, 0.0001074 secs][1 CMS-remark: 330749K(349568K)] 355840K(506816K), 0.0010760 secs] [Times: user=0.00 sys=0.00, real=0.00 secs] 
0.463: [CMS-concurrent-sweep-start]
0.464: [CMS-concurrent-sweep: 0.001/0.001 secs] [Times: user=0.00 sys=0.00, real=0.00 secs] 
0.464: [CMS-concurrent-reset-start]
0.464: [CMS-concurrent-reset: 0.001/0.001 secs] [Times: user=0.00 sys=0.00, real=0.00 secs] 
0.481: [GC (Allocation Failure) 0.481: [ParNew: 157247K->17470K(157248K), 0.0138810 secs] 451640K->353121K(506816K), 0.0139378 secs] [Times: user=0.03 sys=0.00, real=0.01 secs] 
0.495: [GC (CMS Initial Mark) [1 CMS-initial-mark: 335650K(349568K)] 353524K(506816K), 0.0002127 secs] [Times: user=0.00 sys=0.00, real=0.00 secs] 
0.495: [CMS-concurrent-mark-start]
0.496: [CMS-concurrent-mark: 0.001/0.001 secs] [Times: user=0.00 sys=0.00, real=0.00 secs] 
0.496: [CMS-concurrent-preclean-start]
0.497: [CMS-concurrent-preclean: 0.000/0.000 secs] [Times: user=0.00 sys=0.00, real=0.00 secs] 
0.497: [CMS-concurrent-abortable-preclean-start]
0.497: [CMS-concurrent-abortable-preclean: 0.000/0.000 secs] [Times: user=0.00 sys=0.00, real=0.00 secs] 
0.497: [GC (CMS Final Remark) [YG occupancy: 37113 K (157248 K)]0.497: [Rescan (parallel) , 0.0004340 secs]0.497: [weak refs processing, 0.0000097 secs]0.497: [class unloading, 0.0001859 secs]0.498: [scrub symbol table, 0.0003062 secs]0.498: [scrub string table, 0.0001199 secs][1 CMS-remark: 335650K(349568K)] 372764K(506816K), 0.0011239 secs] [Times: user=0.00 sys=0.00, real=0.00 secs] 
0.498: [CMS-concurrent-sweep-start]
0.499: [CMS-concurrent-sweep: 0.001/0.001 secs] [Times: user=0.00 sys=0.00, real=0.00 secs] 
0.499: [CMS-concurrent-reset-start]
0.499: [CMS-concurrent-reset: 0.000/0.000 secs] [Times: user=0.00 sys=0.00, real=0.00 secs] 
0.513: [GC (Allocation Failure) 0.513: [ParNew: 157246K->17471K(157248K), 0.0099326 secs] 388475K->293241K(506816K), 0.0100194 secs] [Times: user=0.13 sys=0.00, real=0.01 secs] 
0.523: [GC (CMS Initial Mark) [1 CMS-initial-mark: 275770K(349568K)] 296131K(506816K), 0.0002494 secs] [Times: user=0.00 sys=0.00, real=0.00 secs] 
0.523: [CMS-concurrent-mark-start]
0.526: [CMS-concurrent-mark: 0.003/0.003 secs] [Times: user=0.00 sys=0.00, real=0.00 secs] 
0.526: [CMS-concurrent-preclean-start]
0.527: [CMS-concurrent-preclean: 0.001/0.001 secs] [Times: user=0.00 sys=0.00, real=0.00 secs] 
0.527: [CMS-concurrent-abortable-preclean-start]
0.543: [GC (Allocation Failure) 0.543: [ParNew: 157247K->17471K(157248K), 0.0123703 secs] 433017K->338545K(506816K), 0.0124539 secs] [Times: user=0.11 sys=0.00, real=0.01 secs] 
0.577: [GC (Allocation Failure) 0.577: [ParNew: 157247K->157247K(157248K), 0.0000179 secs]0.577: [CMS0.577: [CMS-concurrent-abortable-preclean: 0.003/0.050 secs] [Times: user=0.14 sys=0.00, real=0.05 secs] 
 (concurrent mode failure): 321073K->293244K(349568K), 0.0433518 secs] 478321K->293244K(506816K), [Metaspace: 2608K->2608K(1056768K)], 0.0434462 secs] [Times: user=0.05 sys=0.00, real=0.04 secs] 
0.639: [GC (Allocation Failure) 0.640: [ParNew: 139776K->17471K(157248K), 0.0095369 secs] 433020K->337576K(506816K), 0.0095942 secs] [Times: user=0.13 sys=0.00, real=0.01 secs] 
0.649: [GC (CMS Initial Mark) [1 CMS-initial-mark: 320104K(349568K)] 340728K(506816K), 0.0003571 secs] [Times: user=0.00 sys=0.00, real=0.00 secs] 
0.650: [CMS-concurrent-mark-start]
0.651: [CMS-concurrent-mark: 0.001/0.001 secs] [Times: user=0.00 sys=0.00, real=0.00 secs] 
0.651: [CMS-concurrent-preclean-start]
0.652: [CMS-concurrent-preclean: 0.001/0.001 secs] [Times: user=0.00 sys=0.00, real=0.00 secs] 
0.652: [CMS-concurrent-abortable-preclean-start]
0.652: [CMS-concurrent-abortable-preclean: 0.000/0.000 secs] [Times: user=0.00 sys=0.00, real=0.00 secs] 
0.652: [GC (CMS Final Remark) [YG occupancy: 34321 K (157248 K)]0.652: [Rescan (parallel) , 0.0008725 secs]0.653: [weak refs processing, 0.0000103 secs]0.653: [class unloading, 0.0002224 secs]0.653: [scrub symbol table, 0.0003404 secs]0.653: [scrub string table, 0.0001131 secs][1 CMS-remark: 320104K(349568K)] 354426K(506816K), 0.0016321 secs] [Times: user=0.00 sys=0.00, real=0.00 secs] 
0.654: [CMS-concurrent-sweep-start]
0.654: [CMS-concurrent-sweep: 0.001/0.001 secs] [Times: user=0.00 sys=0.00, real=0.00 secs] 
0.654: [CMS-concurrent-reset-start]
0.655: [CMS-concurrent-reset: 0.000/0.000 secs] [Times: user=0.00 sys=0.00, real=0.00 secs] 
0.670: [GC (Allocation Failure) 0.670: [ParNew: 157247K->17470K(157248K), 0.0111326 secs] 434890K->344954K(506816K), 0.0111877 secs] [Times: user=0.13 sys=0.00, real=0.01 secs] 
0.682: [GC (CMS Initial Mark) [1 CMS-initial-mark: 327483K(349568K)] 348025K(506816K), 0.0004277 secs] [Times: user=0.00 sys=0.00, real=0.00 secs] 
0.682: [CMS-concurrent-mark-start]
0.684: [CMS-concurrent-mark: 0.002/0.002 secs] [Times: user=0.00 sys=0.00, real=0.00 secs] 
0.684: [CMS-concurrent-preclean-start]
0.685: [CMS-concurrent-preclean: 0.001/0.001 secs] [Times: user=0.00 sys=0.00, real=0.00 secs] 
0.685: [CMS-concurrent-abortable-preclean-start]
0.685: [CMS-concurrent-abortable-preclean: 0.000/0.000 secs] [Times: user=0.00 sys=0.00, real=0.00 secs] 
0.685: [GC (CMS Final Remark) [YG occupancy: 33514 K (157248 K)]0.685: [Rescan (parallel) , 0.0005127 secs]0.686: [weak refs processing, 0.0001146 secs]0.686: [class unloading, 0.0002390 secs]0.686: [scrub symbol table, 0.0005036 secs]0.686: [scrub string table, 0.0001183 secs][1 CMS-remark: 327483K(349568K)] 360997K(506816K), 0.0016021 secs] [Times: user=0.00 sys=0.00, real=0.00 secs] 
0.687: [CMS-concurrent-sweep-start]
0.688: [CMS-concurrent-sweep: 0.001/0.001 secs] [Times: user=0.00 sys=0.00, real=0.00 secs] 
0.688: [CMS-concurrent-reset-start]
0.688: [CMS-concurrent-reset: 0.000/0.000 secs] [Times: user=0.00 sys=0.00, real=0.00 secs] 
0.704: [GC (Allocation Failure) 0.704: [ParNew: 157092K->157092K(157248K), 0.0000179 secs]0.704: [CMS: 292676K->313236K(349568K), 0.0460143 secs] 449768K->313236K(506816K), [Metaspace: 2608K->2608K(1056768K)], 0.0461042 secs] [Times: user=0.05 sys=0.00, real=0.05 secs] 
0.750: [GC (CMS Initial Mark) [1 CMS-initial-mark: 313236K(349568K)] 316810K(506816K), 0.0006789 secs] [Times: user=0.00 sys=0.00, real=0.00 secs] 
0.751: [CMS-concurrent-mark-start]
0.753: [CMS-concurrent-mark: 0.001/0.001 secs] [Times: user=0.05 sys=0.00, real=0.00 secs] 
0.753: [CMS-concurrent-preclean-start]
0.753: [CMS-concurrent-preclean: 0.001/0.001 secs] [Times: user=0.00 sys=0.00, real=0.00 secs] 
0.753: [CMS-concurrent-abortable-preclean-start]
0.771: [GC (Allocation Failure) 0.771: [ParNew: 139731K->139731K(157248K), 0.0000169 secs]0.771: [CMS0.771: [CMS-concurrent-abortable-preclean: 0.000/0.018 secs] [Times: user=0.01 sys=0.00, real=0.02 secs] 
 (concurrent mode failure): 313236K->322901K(349568K), 0.0456256 secs] 452967K->322901K(506816K), [Metaspace: 2608K->2608K(1056768K)], 0.0457140 secs] [Times: user=0.05 sys=0.00, real=0.05 secs] 
0.836: [GC (Allocation Failure) 0.836: [ParNew: 139426K->139426K(157248K), 0.0000179 secs]0.836: [CMS: 322901K->326099K(349568K), 0.0461229 secs] 462328K->326099K(506816K), [Metaspace: 2608K->2608K(1056768K)], 0.0462110 secs] [Times: user=0.05 sys=0.00, real=0.05 secs] 
0.882: [GC (CMS Initial Mark) [1 CMS-initial-mark: 326099K(349568K)] 329263K(506816K), 0.0006363 secs] [Times: user=0.00 sys=0.00, real=0.00 secs] 
0.883: [CMS-concurrent-mark-start]
0.885: [CMS-concurrent-mark: 0.002/0.002 secs] [Times: user=0.00 sys=0.00, real=0.00 secs] 
0.885: [CMS-concurrent-preclean-start]
0.885: [CMS-concurrent-preclean: 0.001/0.001 secs] [Times: user=0.00 sys=0.00, real=0.00 secs] 
0.885: [CMS-concurrent-abortable-preclean-start]
0.903: [GC (Allocation Failure) 0.903: [ParNew: 139776K->139776K(157248K), 0.0000167 secs]0.903: [CMS0.903: [CMS-concurrent-abortable-preclean: 0.001/0.018 secs] [Times: user=0.01 sys=0.00, real=0.02 secs] 
 (concurrent mode failure): 326099K->341401K(349568K), 0.0558393 secs] 465875K->341401K(506816K), [Metaspace: 2608K->2608K(1056768K)], 0.0559209 secs] [Times: user=0.06 sys=0.00, real=0.06 secs] 
0.979: [GC (Allocation Failure) 0.979: [ParNew: 139776K->139776K(157248K), 0.0000169 secs]0.979: [CMS: 341401K->343713K(349568K), 0.0511056 secs] 481177K->343713K(506816K), [Metaspace: 2608K->2608K(1056768K)], 0.0511888 secs] [Times: user=0.05 sys=0.00, real=0.05 secs] 
1.030: [GC (CMS Initial Mark) [1 CMS-initial-mark: 343713K(349568K)] 346989K(506816K), 0.0005163 secs] [Times: user=0.00 sys=0.00, real=0.00 secs] 
1.031: [CMS-concurrent-mark-start]
1.032: [CMS-concurrent-mark: 0.001/0.001 secs] [Times: user=0.00 sys=0.00, real=0.00 secs] 
1.033: [CMS-concurrent-preclean-start]
1.033: [CMS-concurrent-preclean: 0.001/0.001 secs] [Times: user=0.00 sys=0.00, real=0.00 secs] 
1.033: [CMS-concurrent-abortable-preclean-start]
1.033: [CMS-concurrent-abortable-preclean: 0.000/0.000 secs] [Times: user=0.00 sys=0.00, real=0.00 secs] 
1.033: [GC (CMS Final Remark) [YG occupancy: 18710 K (157248 K)]1.033: [Rescan (parallel) , 0.0004634 secs]1.034: [weak refs processing, 0.0000101 secs]1.034: [class unloading, 0.0002232 secs]1.034: [scrub symbol table, 0.0004091 secs]1.034: [scrub string table, 0.0000973 secs][1 CMS-remark: 343713K(349568K)] 362424K(506816K), 0.0012666 secs] [Times: user=0.09 sys=0.00, real=0.00 secs] 
1.035: [CMS-concurrent-sweep-start]
1.035: [CMS-concurrent-sweep: 0.001/0.001 secs] [Times: user=0.00 sys=0.00, real=0.00 secs] 
1.035: [CMS-concurrent-reset-start]
1.036: [CMS-concurrent-reset: 0.000/0.000 secs] [Times: user=0.00 sys=0.00, real=0.00 secs] 
1.052: [GC (Allocation Failure) 1.052: [ParNew: 139776K->139776K(157248K), 0.0000170 secs]1.052: [CMS: 342940K->349421K(349568K), 0.0515760 secs] 482716K->357076K(506816K), [Metaspace: 2608K->2608K(1056768K)], 0.0516716 secs] [Times: user=0.05 sys=0.00, real=0.05 secs] 
1.104: [GC (CMS Initial Mark) [1 CMS-initial-mark: 349421K(349568K)] 357846K(506816K), 0.0003487 secs] [Times: user=0.00 sys=0.00, real=0.00 secs] 
1.105: [CMS-concurrent-mark-start]
Heap
 par new generation   total 157248K, used 13998K [0x00000000e0000000, 0x00000000eaaa0000, 0x00000000eaaa0000)
  eden space 139776K,  10% used [0x00000000e0000000, 0x00000000e0daba18, 0x00000000e8880000)
  from space 17472K,   0% used [0x00000000e9990000, 0x00000000e9990000, 0x00000000eaaa0000)
  to   space 17472K,   0% used [0x00000000e8880000, 0x00000000e8880000, 0x00000000e9990000)
 concurrent mark-sweep generation total 349568K, used 349421K [0x00000000eaaa0000, 0x0000000100000000, 0x0000000100000000)
 Metaspace       used 2614K, capacity 4486K, committed 4864K, reserved 1056768K
  class space    used 288K, capacity 386K, committed 512K, reserved 1048576K
