Java HotSpot(TM) 64-Bit Server VM (25.202-b08) for windows-amd64 JRE (1.8.0_202-b08), built on Dec 15 2018 19:54:30 by "java_re" with MS VC++ 10.0 (VS2010)
Memory: 4k page, physical 16580024k(9224512k free), swap 19070392k(9962680k free)
CommandLine flags: -XX:InitialHeapSize=209715200 -XX:MaxHeapSize=209715200 -XX:MaxNewSize=69906432 -XX:MaxTenuringThreshold=6 -XX:NewSize=69906432 -XX:OldPLABSize=16 -XX:OldSize=139808768 -XX:+PrintGC -XX:+PrintGCDetails -XX:+PrintGCTimeStamps -XX:+UseCompressedClassPointers -XX:+UseCompressedOops -XX:+UseConcMarkSweepGC -XX:-UseLargePagesIndividualAllocation -XX:+UseParNewGC 
0.123: [GC (Allocation Failure) 0.123: [ParNew: 54656K->6783K(61440K), 0.0049728 secs] 54656K->16625K(198016K), 0.0051587 secs] [Times: user=0.00 sys=0.00, real=0.01 secs] 
0.142: [GC (Allocation Failure) 0.142: [ParNew: 61331K->6784K(61440K), 0.0053157 secs] 71173K->35834K(198016K), 0.0053750 secs] [Times: user=0.00 sys=0.00, real=0.01 secs] 
0.154: [GC (Allocation Failure) 0.154: [ParNew: 61440K->6773K(61440K), 0.0100032 secs] 90490K->50091K(198016K), 0.0100497 secs] [Times: user=0.03 sys=0.00, real=0.01 secs] 
0.170: [GC (Allocation Failure) 0.170: [ParNew: 61429K->6784K(61440K), 0.0093425 secs] 104747K->65756K(198016K), 0.0094175 secs] [Times: user=0.00 sys=0.00, real=0.01 secs] 
0.186: [GC (Allocation Failure) 0.186: [ParNew: 61440K->6780K(61440K), 0.0105927 secs] 120412K->83644K(198016K), 0.0107201 secs] [Times: user=0.00 sys=0.00, real=0.01 secs] 
0.196: [GC (CMS Initial Mark) [1 CMS-initial-mark: 76863K(136576K)] 83735K(198016K), 0.0003398 secs] [Times: user=0.00 sys=0.00, real=0.00 secs] 
0.197: [CMS-concurrent-mark-start]
0.198: [CMS-concurrent-mark: 0.001/0.001 secs] [Times: user=0.00 sys=0.00, real=0.00 secs] 
0.198: [CMS-concurrent-preclean-start]
0.198: [CMS-concurrent-preclean: 0.000/0.000 secs] [Times: user=0.00 sys=0.00, real=0.00 secs] 
0.198: [CMS-concurrent-abortable-preclean-start]
0.204: [GC (Allocation Failure) 0.204: [ParNew: 61436K->6782K(61440K), 0.0100533 secs] 138300K->101746K(198016K), 0.0101019 secs] [Times: user=0.00 sys=0.00, real=0.01 secs] 
0.223: [GC (Allocation Failure) 0.223: [ParNew: 61395K->6778K(61440K), 0.0093329 secs] 156359K->119007K(198016K), 0.0093786 secs] [Times: user=0.00 sys=0.00, real=0.01 secs] 
0.241: [GC (Allocation Failure) 0.241: [ParNew: 61434K->6780K(61440K), 0.0115977 secs] 173663K->139207K(198016K), 0.0116725 secs] [Times: user=0.11 sys=0.00, real=0.01 secs] 
0.253: [CMS-concurrent-abortable-preclean: 0.001/0.055 secs] [Times: user=0.17 sys=0.00, real=0.06 secs] 
0.253: [GC (CMS Final Remark) [YG occupancy: 8082 K (61440 K)]0.253: [Rescan (parallel) , 0.0002506 secs]0.253: [weak refs processing, 0.0000210 secs]0.253: [class unloading, 0.0001747 secs]0.254: [scrub symbol table, 0.0002857 secs]0.254: [scrub string table, 0.0000885 secs][1 CMS-remark: 132427K(136576K)] 140510K(198016K), 0.0008891 secs] [Times: user=0.00 sys=0.00, real=0.00 secs] 
0.254: [CMS-concurrent-sweep-start]
0.254: [CMS-concurrent-sweep: 0.000/0.000 secs] [Times: user=0.00 sys=0.00, real=0.00 secs] 
0.255: [CMS-concurrent-reset-start]
0.255: [CMS-concurrent-reset: 0.000/0.000 secs] [Times: user=0.00 sys=0.00, real=0.00 secs] 
0.261: [GC (Allocation Failure) 0.261: [ParNew: 61405K->61405K(61440K), 0.0000177 secs]0.261: [CMS: 126228K->133545K(136576K), 0.0203170 secs] 187633K->133545K(198016K), [Metaspace: 2608K->2608K(1056768K)], 0.0204160 secs] [Times: user=0.03 sys=0.00, real=0.02 secs] 
0.281: [GC (CMS Initial Mark) [1 CMS-initial-mark: 133545K(136576K)] 134118K(198016K), 0.0001756 secs] [Times: user=0.00 sys=0.00, real=0.00 secs] 
0.282: [CMS-concurrent-mark-start]
0.283: [CMS-concurrent-mark: 0.001/0.001 secs] [Times: user=0.00 sys=0.00, real=0.00 secs] 
0.283: [CMS-concurrent-preclean-start]
0.283: [CMS-concurrent-preclean: 0.000/0.000 secs] [Times: user=0.00 sys=0.00, real=0.00 secs] 
0.283: [CMS-concurrent-abortable-preclean-start]
0.283: [CMS-concurrent-abortable-preclean: 0.000/0.000 secs] [Times: user=0.00 sys=0.00, real=0.00 secs] 
0.283: [GC (CMS Final Remark) [YG occupancy: 11123 K (61440 K)]0.283: [Rescan (parallel) , 0.0001763 secs]0.283: [weak refs processing, 0.0000101 secs]0.283: [class unloading, 0.0002148 secs]0.283: [scrub symbol table, 0.0002751 secs]0.284: [scrub string table, 0.0000821 secs][1 CMS-remark: 133545K(136576K)] 144669K(198016K), 0.0008755 secs] [Times: user=0.00 sys=0.00, real=0.00 secs] 
0.284: [CMS-concurrent-sweep-start]
0.284: [CMS-concurrent-sweep: 0.000/0.000 secs] [Times: user=0.00 sys=0.00, real=0.00 secs] 
0.284: [CMS-concurrent-reset-start]
0.284: [CMS-concurrent-reset: 0.000/0.000 secs] [Times: user=0.00 sys=0.00, real=0.00 secs] 
0.289: [GC (Allocation Failure) 0.289: [ParNew: 54207K->54207K(61440K), 0.0000140 secs]0.289: [CMS: 133545K->136419K(136576K), 0.0183484 secs] 187753K->148258K(198016K), [Metaspace: 2608K->2608K(1056768K)], 0.0184191 secs] [Times: user=0.02 sys=0.00, real=0.02 secs] 
0.308: [GC (CMS Initial Mark) [1 CMS-initial-mark: 136419K(136576K)] 150264K(198016K), 0.0002692 secs] [Times: user=0.00 sys=0.00, real=0.00 secs] 
0.308: [CMS-concurrent-mark-start]
0.309: [CMS-concurrent-mark: 0.001/0.001 secs] [Times: user=0.00 sys=0.00, real=0.00 secs] 
0.309: [CMS-concurrent-preclean-start]
0.309: [CMS-concurrent-preclean: 0.001/0.001 secs] [Times: user=0.00 sys=0.00, real=0.00 secs] 
0.309: [CMS-concurrent-abortable-preclean-start]
0.309: [CMS-concurrent-abortable-preclean: 0.000/0.000 secs] [Times: user=0.00 sys=0.00, real=0.00 secs] 
0.310: [GC (CMS Final Remark) [YG occupancy: 24913 K (61440 K)]0.310: [Rescan (parallel) , 0.0002633 secs]0.310: [weak refs processing, 0.0000067 secs]0.310: [class unloading, 0.0001575 secs]0.310: [scrub symbol table, 0.0002844 secs]0.310: [scrub string table, 0.0000801 secs][1 CMS-remark: 136419K(136576K)] 161332K(198016K), 0.0008370 secs] [Times: user=0.01 sys=0.00, real=0.00 secs] 
0.311: [CMS-concurrent-sweep-start]
0.311: [CMS-concurrent-sweep: 0.000/0.000 secs] [Times: user=0.00 sys=0.00, real=0.00 secs] 
0.311: [CMS-concurrent-reset-start]
0.311: [CMS-concurrent-reset: 0.000/0.000 secs] [Times: user=0.00 sys=0.00, real=0.00 secs] 
0.315: [GC (Allocation Failure) 0.315: [ParNew: 61140K->61140K(61440K), 0.0000149 secs]0.315: [CMS: 136210K->136509K(136576K), 0.0206623 secs] 197351K->158115K(198016K), [Metaspace: 2608K->2608K(1056768K)], 0.0207381 secs] [Times: user=0.02 sys=0.00, real=0.02 secs] 
0.336: [GC (CMS Initial Mark) [1 CMS-initial-mark: 136509K(136576K)] 158564K(198016K), 0.0001911 secs] [Times: user=0.00 sys=0.00, real=0.00 secs] 
0.336: [CMS-concurrent-mark-start]
0.337: [CMS-concurrent-mark: 0.001/0.001 secs] [Times: user=0.00 sys=0.00, real=0.00 secs] 
0.337: [CMS-concurrent-preclean-start]
0.337: [CMS-concurrent-preclean: 0.001/0.001 secs] [Times: user=0.00 sys=0.00, real=0.00 secs] 
0.337: [CMS-concurrent-abortable-preclean-start]
0.337: [CMS-concurrent-abortable-preclean: 0.000/0.000 secs] [Times: user=0.00 sys=0.00, real=0.00 secs] 
0.338: [GC (CMS Final Remark) [YG occupancy: 34192 K (61440 K)]0.338: [Rescan (parallel) , 0.0002180 secs]0.338: [weak refs processing, 0.0000073 secs]0.338: [class unloading, 0.0001635 secs]0.338: [scrub symbol table, 0.0002740 secs]0.338: [scrub string table, 0.0000812 secs][1 CMS-remark: 136509K(136576K)] 170701K(198016K), 0.0007879 secs] [Times: user=0.00 sys=0.00, real=0.00 secs] 
0.339: [CMS-concurrent-sweep-start]
0.339: [CMS-concurrent-sweep: 0.000/0.000 secs] [Times: user=0.00 sys=0.00, real=0.00 secs] 
0.339: [CMS-concurrent-reset-start]
0.339: [CMS-concurrent-reset: 0.000/0.000 secs] [Times: user=0.00 sys=0.00, real=0.00 secs] 
0.342: [GC (Allocation Failure) 0.342: [ParNew: 61337K->61337K(61440K), 0.0000131 secs]0.342: [CMS: 136258K->136575K(136576K), 0.0227604 secs] 197596K->165003K(198016K), [Metaspace: 2608K->2608K(1056768K)], 0.0228259 secs] [Times: user=0.02 sys=0.00, real=0.02 secs] 
0.365: [GC (CMS Initial Mark) [1 CMS-initial-mark: 136575K(136576K)] 166123K(198016K), 0.0003474 secs] [Times: user=0.00 sys=0.00, real=0.00 secs] 
0.366: [CMS-concurrent-mark-start]
0.367: [CMS-concurrent-mark: 0.001/0.001 secs] [Times: user=0.00 sys=0.00, real=0.00 secs] 
0.367: [CMS-concurrent-preclean-start]
0.367: [CMS-concurrent-preclean: 0.001/0.001 secs] [Times: user=0.00 sys=0.00, real=0.00 secs] 
0.367: [CMS-concurrent-abortable-preclean-start]
0.367: [CMS-concurrent-abortable-preclean: 0.000/0.000 secs] [Times: user=0.00 sys=0.00, real=0.00 secs] 
0.367: [GC (CMS Final Remark) [YG occupancy: 41872 K (61440 K)]0.367: [Rescan (parallel) , 0.0003091 secs]0.368: [weak refs processing, 0.0000074 secs]0.368: [class unloading, 0.0001631 secs]0.368: [scrub symbol table, 0.0002662 secs]0.368: [scrub string table, 0.0000824 secs][1 CMS-remark: 136575K(136576K)] 178447K(198016K), 0.0008720 secs] [Times: user=0.00 sys=0.00, real=0.00 secs] 
0.368: [CMS-concurrent-sweep-start]
0.368: [CMS-concurrent-sweep: 0.000/0.000 secs] [Times: user=0.00 sys=0.00, real=0.00 secs] 
0.368: [CMS-concurrent-reset-start]
0.368: [CMS-concurrent-reset: 0.000/0.000 secs] [Times: user=0.00 sys=0.00, real=0.00 secs] 
0.371: [GC (Allocation Failure) 0.371: [ParNew: 61322K->61322K(61440K), 0.0000120 secs]0.371: [CMS: 136256K->136372K(136576K), 0.0200338 secs] 197578K->170201K(198016K), [Metaspace: 2608K->2608K(1056768K)], 0.0200952 secs] [Times: user=0.03 sys=0.00, real=0.02 secs] 
0.391: [GC (CMS Initial Mark) [1 CMS-initial-mark: 136372K(136576K)] 171800K(198016K), 0.0005648 secs] [Times: user=0.00 sys=0.00, real=0.00 secs] 
0.392: [CMS-concurrent-mark-start]
0.393: [CMS-concurrent-mark: 0.001/0.001 secs] [Times: user=0.00 sys=0.00, real=0.00 secs] 
0.393: [CMS-concurrent-preclean-start]
0.393: [CMS-concurrent-preclean: 0.001/0.001 secs] [Times: user=0.00 sys=0.00, real=0.00 secs] 
0.393: [CMS-concurrent-abortable-preclean-start]
0.393: [CMS-concurrent-abortable-preclean: 0.000/0.000 secs] [Times: user=0.00 sys=0.00, real=0.00 secs] 
0.394: [GC (CMS Final Remark) [YG occupancy: 47247 K (61440 K)]0.394: [Rescan (parallel) , 0.0005590 secs]0.394: [weak refs processing, 0.0000082 secs]0.394: [class unloading, 0.0001934 secs]0.394: [scrub symbol table, 0.0002939 secs]0.395: [scrub string table, 0.0000883 secs][1 CMS-remark: 136372K(136576K)] 183620K(198016K), 0.0011985 secs] [Times: user=0.00 sys=0.00, real=0.00 secs] 
0.395: [CMS-concurrent-sweep-start]
0.396: [CMS-concurrent-sweep: 0.001/0.001 secs] [Times: user=0.00 sys=0.00, real=0.00 secs] 
0.396: [CMS-concurrent-reset-start]
0.396: [CMS-concurrent-reset: 0.000/0.000 secs] [Times: user=0.00 sys=0.00, real=0.00 secs] 
0.398: [GC (Allocation Failure) 0.398: [ParNew: 61282K->61282K(61440K), 0.0000141 secs]0.398: [CMS: 136034K->136450K(136576K), 0.0225504 secs] 197317K->175697K(198016K), [Metaspace: 2608K->2608K(1056768K)], 0.0226222 secs] [Times: user=0.03 sys=0.00, real=0.02 secs] 
0.421: [GC (CMS Initial Mark) [1 CMS-initial-mark: 136450K(136576K)] 176912K(198016K), 0.0001849 secs] [Times: user=0.00 sys=0.00, real=0.00 secs] 
0.421: [CMS-concurrent-mark-start]
0.423: [CMS-concurrent-mark: 0.001/0.001 secs] [Times: user=0.00 sys=0.00, real=0.00 secs] 
0.423: [CMS-concurrent-preclean-start]
0.423: [CMS-concurrent-preclean: 0.001/0.001 secs] [Times: user=0.00 sys=0.00, real=0.00 secs] 
0.423: [CMS-concurrent-abortable-preclean-start]
0.423: [CMS-concurrent-abortable-preclean: 0.000/0.000 secs] [Times: user=0.00 sys=0.00, real=0.00 secs] 
0.423: [GC (CMS Final Remark) [YG occupancy: 54366 K (61440 K)]0.423: [Rescan (parallel) , 0.0005063 secs]0.424: [weak refs processing, 0.0000081 secs]0.424: [class unloading, 0.0002258 secs]0.424: [scrub symbol table, 0.0004085 secs]0.425: [scrub string table, 0.0001200 secs][1 CMS-remark: 136450K(136576K)] 190817K(198016K), 0.0013227 secs] [Times: user=0.00 sys=0.00, real=0.00 secs] 
0.425: [CMS-concurrent-sweep-start]
0.425: [CMS-concurrent-sweep: 0.000/0.000 secs] [Times: user=0.00 sys=0.00, real=0.00 secs] 
0.425: [CMS-concurrent-reset-start]
0.425: [CMS-concurrent-reset: 0.000/0.000 secs] [Times: user=0.00 sys=0.00, real=0.00 secs] 
0.426: [GC (Allocation Failure) 0.426: [ParNew: 61390K->61390K(61440K), 0.0000126 secs]0.426: [CMS: 135901K->136462K(136576K), 0.0258709 secs] 197292K->181309K(198016K), [Metaspace: 2608K->2608K(1056768K)], 0.0259352 secs] [Times: user=0.03 sys=0.00, real=0.03 secs] 
0.452: [GC (CMS Initial Mark) [1 CMS-initial-mark: 136462K(136576K)] 182354K(198016K), 0.0005858 secs] [Times: user=0.00 sys=0.00, real=0.00 secs] 
0.453: [CMS-concurrent-mark-start]
0.454: [CMS-concurrent-mark: 0.001/0.001 secs] [Times: user=0.00 sys=0.00, real=0.00 secs] 
0.454: [CMS-concurrent-preclean-start]
0.454: [CMS-concurrent-preclean: 0.001/0.001 secs] [Times: user=0.00 sys=0.00, real=0.00 secs] 
0.454: [CMS-concurrent-abortable-preclean-start]
0.454: [CMS-concurrent-abortable-preclean: 0.000/0.000 secs] [Times: user=0.00 sys=0.00, real=0.00 secs] 
0.455: [GC (CMS Final Remark) [YG occupancy: 58296 K (61440 K)]0.455: [Rescan (parallel) , 0.0005236 secs]0.455: [weak refs processing, 0.0000076 secs]0.455: [class unloading, 0.0002015 secs]0.455: [scrub symbol table, 0.0002807 secs]0.456: [scrub string table, 0.0000861 secs][1 CMS-remark: 136462K(136576K)] 194758K(198016K), 0.0011440 secs] [Times: user=0.00 sys=0.00, real=0.00 secs] 
0.456: [CMS-concurrent-sweep-start]
0.456: [CMS-concurrent-sweep: 0.000/0.000 secs] [Times: user=0.00 sys=0.00, real=0.00 secs] 
0.456: [CMS-concurrent-reset-start]
0.456: [CMS-concurrent-reset: 0.000/0.000 secs] [Times: user=0.00 sys=0.00, real=0.00 secs] 
0.456: [GC (Allocation Failure) 0.456: [ParNew: 61212K->61212K(61440K), 0.0000110 secs]0.456: [CMS: 136462K->136315K(136576K), 0.0249133 secs] 197674K->183518K(198016K), [Metaspace: 2608K->2608K(1056768K)], 0.0249865 secs] [Times: user=0.02 sys=0.00, real=0.02 secs] 
0.482: [GC (CMS Initial Mark) [1 CMS-initial-mark: 136315K(136576K)] 184353K(198016K), 0.0003612 secs] [Times: user=0.00 sys=0.00, real=0.00 secs] 
0.482: [CMS-concurrent-mark-start]
0.483: [CMS-concurrent-mark: 0.001/0.001 secs] [Times: user=0.03 sys=0.00, real=0.00 secs] 
0.483: [CMS-concurrent-preclean-start]
0.484: [CMS-concurrent-preclean: 0.001/0.001 secs] [Times: user=0.00 sys=0.00, real=0.00 secs] 
0.484: [CMS-concurrent-abortable-preclean-start]
0.484: [CMS-concurrent-abortable-preclean: 0.000/0.000 secs] [Times: user=0.00 sys=0.00, real=0.00 secs] 
0.484: [GC (CMS Final Remark) [YG occupancy: 61128 K (61440 K)]0.484: [Rescan (parallel) , 0.0002367 secs]0.484: [weak refs processing, 0.0000079 secs]0.484: [class unloading, 0.0001945 secs]0.484: [scrub symbol table, 0.0002710 secs]0.485: [scrub string table, 0.0000854 secs][1 CMS-remark: 136315K(136576K)] 197444K(198016K), 0.0008487 secs] [Times: user=0.00 sys=0.00, real=0.00 secs] 
0.485: [CMS-concurrent-sweep-start]
0.485: [Full GC (Allocation Failure) 0.485: [CMS0.485: [CMS-concurrent-sweep: 0.000/0.000 secs] [Times: user=0.00 sys=0.00, real=0.00 secs] 
 (concurrent mode failure): 136372K->136555K(136576K), 0.0222829 secs] 197772K->186381K(198016K), [Metaspace: 2608K->2608K(1056768K)], 0.0223377 secs] [Times: user=0.02 sys=0.00, real=0.02 secs] 
0.509: [Full GC (Allocation Failure) 0.509: [CMS: 136555K->135830K(136576K), 0.0267607 secs] 197954K->190820K(198016K), [Metaspace: 2608K->2608K(1056768K)], 0.0268156 secs] [Times: user=0.03 sys=0.00, real=0.03 secs] 
0.536: [GC (CMS Initial Mark) [1 CMS-initial-mark: 135830K(136576K)] 191892K(198016K), 0.0005249 secs] [Times: user=0.00 sys=0.00, real=0.00 secs] 
0.536: [CMS-concurrent-mark-start]
0.537: [Full GC (Allocation Failure) 0.537: [CMS0.539: [CMS-concurrent-mark: 0.001/0.003 secs] [Times: user=0.00 sys=0.00, real=0.00 secs] 
 (concurrent mode failure): 135973K->135802K(136576K), 0.0327632 secs] 197312K->193131K(198016K), [Metaspace: 2608K->2608K(1056768K)], 0.0328063 secs] [Times: user=0.03 sys=0.00, real=0.03 secs] 
0.571: [Full GC (Allocation Failure) 0.571: [CMS: 136300K->136290K(136576K), 0.0222488 secs] 197679K->194098K(198016K), [Metaspace: 2608K->2608K(1056768K)], 0.0222925 secs] [Times: user=0.03 sys=0.00, real=0.02 secs] 
0.593: [GC (CMS Initial Mark) [1 CMS-initial-mark: 136290K(136576K)] 194386K(198016K), 0.0005669 secs] [Times: user=0.00 sys=0.00, real=0.00 secs] 
0.594: [CMS-concurrent-mark-start]
0.594: [Full GC (Allocation Failure) 0.595: [CMS0.597: [CMS-concurrent-mark: 0.001/0.003 secs] [Times: user=0.00 sys=0.00, real=0.00 secs] 
 (concurrent mode failure): 136290K->136555K(136576K), 0.0251723 secs] 197452K->194850K(198016K), [Metaspace: 2608K->2608K(1056768K)], 0.0252526 secs] [Times: user=0.02 sys=0.00, real=0.02 secs] 
0.620: [Full GC (Allocation Failure) 0.620: [CMS: 136555K->136573K(136576K), 0.0260210 secs] 197843K->194556K(198016K), [Metaspace: 2608K->2608K(1056768K)], 0.0260765 secs] [Times: user=0.03 sys=0.00, real=0.03 secs] 
0.646: [GC (CMS Initial Mark) [1 CMS-initial-mark: 136573K(136576K)] 194912K(198016K), 0.0006240 secs] [Times: user=0.00 sys=0.00, real=0.00 secs] 
0.647: [CMS-concurrent-mark-start]
0.648: [Full GC (Allocation Failure) 0.648: [CMS0.650: [CMS-concurrent-mark: 0.001/0.003 secs] [Times: user=0.00 sys=0.00, real=0.00 secs] 
 (concurrent mode failure): 136573K->135983K(136576K), 0.0247253 secs] 197903K->194646K(198016K), [Metaspace: 2608K->2608K(1056768K)], 0.0247706 secs] [Times: user=0.03 sys=0.00, real=0.03 secs] 
0.673: [Full GC (Allocation Failure) 0.673: [CMS: 135983K->136524K(136576K), 0.0252458 secs] 197390K->194175K(198016K), [Metaspace: 2608K->2608K(1056768K)], 0.0252908 secs] [Times: user=0.02 sys=0.00, real=0.03 secs] 
0.699: [GC (CMS Initial Mark) [1 CMS-initial-mark: 136524K(136576K)] 195044K(198016K), 0.0006363 secs] [Times: user=0.00 sys=0.00, real=0.00 secs] 
0.699: [CMS-concurrent-mark-start]
0.700: [Full GC (Allocation Failure) 0.700: [CMS0.701: [CMS-concurrent-mark: 0.001/0.002 secs] [Times: user=0.00 sys=0.00, real=0.00 secs] 
 (concurrent mode failure): 136524K->136215K(136576K), 0.0147031 secs] 197664K->194225K(198016K), [Metaspace: 2608K->2608K(1056768K)], 0.0147496 secs] [Times: user=0.00 sys=0.00, real=0.01 secs] 
0.716: [Full GC (Allocation Failure) 0.716: [CMS: 136323K->136287K(136576K), 0.0077857 secs] 197737K->195096K(198016K), [Metaspace: 2608K->2608K(1056768K)], 0.0078332 secs] [Times: user=0.02 sys=0.00, real=0.01 secs] 
0.724: [GC (CMS Initial Mark) [1 CMS-initial-mark: 136287K(136576K)] 195240K(198016K), 0.0005235 secs] [Times: user=0.00 sys=0.00, real=0.00 secs] 
0.724: [CMS-concurrent-mark-start]
0.725: [Full GC (Allocation Failure) 0.725: [CMS0.728: [CMS-concurrent-mark: 0.002/0.004 secs] [Times: user=0.00 sys=0.00, real=0.00 secs] 
 (concurrent mode failure): 136287K->136215K(136576K), 0.0162764 secs] 197602K->195047K(198016K), [Metaspace: 2608K->2608K(1056768K)], 0.0163322 secs] [Times: user=0.02 sys=0.00, real=0.02 secs] 
0.742: [Full GC (Allocation Failure) 0.742: [CMS: 136449K->136296K(136576K), 0.0242098 secs] 197853K->195596K(198016K), [Metaspace: 2608K->2608K(1056768K)], 0.0242659 secs] [Times: user=0.03 sys=0.00, real=0.02 secs] 
0.766: [GC (CMS Initial Mark) [1 CMS-initial-mark: 136296K(136576K)] 195740K(198016K), 0.0005169 secs] [Times: user=0.00 sys=0.00, real=0.00 secs] 
0.767: [CMS-concurrent-mark-start]
0.768: [Full GC (Allocation Failure) 0.768: [CMS0.770: [CMS-concurrent-mark: 0.001/0.003 secs] [Times: user=0.00 sys=0.00, real=0.00 secs] 
 (concurrent mode failure): 136296K->136448K(136576K), 0.0171339 secs] 197236K->194935K(198016K), [Metaspace: 2608K->2608K(1056768K)], 0.0171760 secs] [Times: user=0.01 sys=0.00, real=0.02 secs] 
0.785: [Full GC (Allocation Failure) 0.785: [CMS: 136448K->136225K(136576K), 0.0234490 secs] 197802K->196056K(198016K), [Metaspace: 2608K->2608K(1056768K)], 0.0234966 secs] [Times: user=0.02 sys=0.00, real=0.02 secs] 
0.809: [GC (CMS Initial Mark) [1 CMS-initial-mark: 136225K(136576K)] 196829K(198016K), 0.0006327 secs] [Times: user=0.00 sys=0.00, real=0.00 secs] 
0.810: [CMS-concurrent-mark-start]
0.810: [Full GC (Allocation Failure) 0.810: [CMS0.812: [CMS-concurrent-mark: 0.001/0.002 secs] [Times: user=0.01 sys=0.00, real=0.00 secs] 
 (concurrent mode failure): 136225K->136385K(136576K), 0.0186742 secs] 197590K->196606K(198016K), [Metaspace: 2608K->2608K(1056768K)], 0.0187202 secs] [Times: user=0.02 sys=0.00, real=0.02 secs] 
0.829: [Full GC (Allocation Failure) 0.829: [CMS: 136385K->136385K(136576K), 0.0020094 secs] 197616K->196606K(198016K), [Metaspace: 2608K->2608K(1056768K)], 0.0020445 secs] [Times: user=0.00 sys=0.00, real=0.00 secs] 
0.831: [GC (CMS Initial Mark) [1 CMS-initial-mark: 136385K(136576K)] 197085K(198016K), 0.0005879 secs] [Times: user=0.00 sys=0.00, real=0.00 secs] 
0.832: [CMS-concurrent-mark-start]
0.832: [Full GC (Allocation Failure) 0.832: [CMS0.837: [CMS-concurrent-mark: 0.003/0.005 secs] [Times: user=0.00 sys=0.00, real=0.00 secs] 
 (concurrent mode failure): 136385K->136284K(136576K), 0.0281280 secs] 197378K->196547K(198016K), [Metaspace: 2608K->2608K(1056768K)], 0.0281732 secs] [Times: user=0.03 sys=0.00, real=0.03 secs] 
0.861: [Full GC (Allocation Failure) 0.861: [CMS: 136284K->136284K(136576K), 0.0018495 secs] 197057K->197057K(198016K), [Metaspace: 2608K->2608K(1056768K)], 0.0018870 secs] [Times: user=0.00 sys=0.00, real=0.00 secs] 
0.863: [Full GC (Allocation Failure) 0.863: [CMS: 136284K->136265K(136576K), 0.0182895 secs] 197057K->197038K(198016K), [Metaspace: 2608K->2608K(1056768K)], 0.0183359 secs] [Times: user=0.02 sys=0.00, real=0.02 secs] 
Heap
 par new generation   total 61440K, used 60967K [0x00000000f3800000, 0x00000000f7aa0000, 0x00000000f7aa0000)
  eden space 54656K, 100% used [0x00000000f3800000, 0x00000000f6d60000, 0x00000000f6d60000)
  from space 6784K,  93% used [0x00000000f6d60000, 0x00000000f7389d70, 0x00000000f7400000)
  to   space 6784K,   0% used [0x00000000f7400000, 0x00000000f7400000, 0x00000000f7aa0000)
 concurrent mark-sweep generation total 136576K, used 136265K [0x00000000f7aa0000, 0x0000000100000000, 0x0000000100000000)
 Metaspace       used 2638K, capacity 4486K, committed 4864K, reserved 1056768K
  class space    used 291K, capacity 386K, committed 512K, reserved 1048576K
