Java HotSpot(TM) 64-Bit Server VM (25.202-b08) for windows-amd64 JRE (1.8.0_202-b08), built on Dec 15 2018 19:54:30 by "java_re" with MS VC++ 10.0 (VS2010)
Memory: 4k page, physical 16580024k(8257572k free), swap 19070392k(8764800k free)
CommandLine flags: -XX:InitialHeapSize=2147483648 -XX:MaxHeapSize=2147483648 -XX:+PrintGC -XX:+PrintGCTimeStamps -XX:+UseCompressedClassPointers -XX:+UseCompressedOops -XX:+UseG1GC -XX:-UseLargePagesIndividualAllocation 
0.191: [GC pause (G1 Evacuation Pause) (young) 125M->45M(2048M), 0.0074602 secs]
0.226: [GC pause (G1 Evacuation Pause) (young) 164M->85M(2048M), 0.0069173 secs]
0.250: [GC pause (G1 Evacuation Pause) (young) 195M->120M(2048M), 0.0063129 secs]
0.287: [GC pause (G1 Evacuation Pause) (young) 232M->155M(2048M), 0.0069926 secs]
0.312: [GC pause (G1 Evacuation Pause) (young) 263M->184M(2048M), 0.0064726 secs]
0.345: [GC pause (G1 Evacuation Pause) (young) 332M->231M(2048M), 0.0093553 secs]
0.432: [GC pause (G1 Evacuation Pause) (young) 499M->306M(2048M), 0.0118254 secs]
0.485: [GC pause (G1 Evacuation Pause) (young) 533M->356M(2048M), 0.0105116 secs]
0.554: [GC pause (G1 Evacuation Pause) (young) 677M->420M(2048M), 0.0162815 secs]
0.617: [GC pause (G1 Evacuation Pause) (young) 769M->493M(2048M), 0.0138746 secs]
0.712: [GC pause (G1 Evacuation Pause) (young) 947M->590M(2048M), 0.0179033 secs]
1.047: [GC pause (G1 Humongous Allocation) (young) (initial-mark) 1649M->756M(2048M), 0.0306249 secs]
1.078: [GC concurrent-root-region-scan-start]
1.078: [GC concurrent-root-region-scan-end, 0.0002817 secs]
1.078: [GC concurrent-mark-start]
1.082: [GC concurrent-mark-end, 0.0044654 secs]
1.083: [GC remark, 0.0024498 secs]
1.085: [GC cleanup 790M->612M(2048M), 0.0023373 secs]
1.088: [GC concurrent-cleanup-start]
1.088: [GC concurrent-cleanup-end, 0.0000943 secs]
1.112: [GC pause (G1 Evacuation Pause) (young) 758M->598M(2048M), 0.0170464 secs]
