Java HotSpot(TM) 64-Bit Server VM (25.202-b08) for windows-amd64 JRE (1.8.0_202-b08), built on Dec 15 2018 19:54:30 by "java_re" with MS VC++ 10.0 (VS2010)
Memory: 4k page, physical 16580024k(8380672k free), swap 19070392k(8941420k free)
CommandLine flags: -XX:InitialHeapSize=268435456 -XX:MaxHeapSize=268435456 -XX:+PrintGC -XX:+PrintGCTimeStamps -XX:+UseCompressedClassPointers -XX:+UseCompressedOops -XX:+UseG1GC -XX:-UseLargePagesIndividualAllocation 
0.114: [GC pause (G1 Evacuation Pause) (young) 27M->9339K(256M), 0.0040133 secs]
0.128: [GC pause (G1 Evacuation Pause) (young) 40M->20M(256M), 0.0044510 secs]
0.146: [GC pause (G1 Evacuation Pause) (young) 65M->40M(256M), 0.0043690 secs]
0.181: [GC pause (G1 Evacuation Pause) (young) 126M->67M(256M), 0.0060634 secs]
0.222: [GC pause (G1 Humongous Allocation) (young) (initial-mark) 189M->104M(256M), 0.0063200 secs]
0.228: [GC concurrent-root-region-scan-start]
0.228: [GC concurrent-root-region-scan-end, 0.0001557 secs]
0.228: [GC concurrent-mark-start]
0.229: [GC concurrent-mark-end, 0.0009935 secs]
0.229: [GC remark, 0.0017723 secs]
0.231: [GC cleanup 111M->111M(256M), 0.0020800 secs]
0.245: [GC pause (G1 Evacuation Pause) (young)-- 195M->144M(256M), 0.0061494 secs]
0.252: [GC pause (G1 Humongous Allocation) (young) (initial-mark) 145M->144M(256M), 0.0032082 secs]
0.255: [GC concurrent-root-region-scan-start]
0.255: [GC concurrent-root-region-scan-end, 0.0002013 secs]
0.255: [GC concurrent-mark-start]
0.257: [GC concurrent-mark-end, 0.0020187 secs]
0.257: [GC remark, 0.0020794 secs]
0.260: [GC cleanup 157M->157M(256M), 0.0016528 secs]
0.268: [GC pause (G1 Evacuation Pause) (young) 206M->161M(256M), 0.0032918 secs]
0.272: [GC pause (G1 Evacuation Pause) (mixed) 166M->144M(256M), 0.0034529 secs]
0.276: [GC pause (G1 Humongous Allocation) (young) (initial-mark) 145M->145M(256M), 0.0014429 secs]
0.277: [GC concurrent-root-region-scan-start]
0.278: [GC concurrent-root-region-scan-end, 0.0001335 secs]
0.278: [GC concurrent-mark-start]
0.279: [GC concurrent-mark-end, 0.0012671 secs]
0.279: [GC remark, 0.0013207 secs]
0.280: [GC cleanup 156M->156M(256M), 0.0009896 secs]
0.291: [GC pause (G1 Evacuation Pause) (young) 205M->165M(256M), 0.0037975 secs]
0.295: [GC pause (G1 Evacuation Pause) (mixed) 172M->164M(256M), 0.0035889 secs]
0.299: [GC pause (G1 Humongous Allocation) (young) (initial-mark) 165M->164M(256M), 0.0019845 secs]
0.301: [GC concurrent-root-region-scan-start]
0.301: [GC concurrent-root-region-scan-end, 0.0000827 secs]
0.301: [GC concurrent-mark-start]
0.303: [GC concurrent-mark-end, 0.0011852 secs]
0.303: [GC remark, 0.0012475 secs]
0.304: [GC cleanup 174M->174M(256M), 0.0009460 secs]
0.308: [GC pause (G1 Evacuation Pause) (young) 193M->171M(256M), 0.0025582 secs]
0.312: [GC pause (G1 Evacuation Pause) (mixed) 181M->169M(256M), 0.0029074 secs]
0.315: [GC pause (G1 Humongous Allocation) (young) (initial-mark) 170M->168M(256M), 0.0015575 secs]
0.316: [GC concurrent-root-region-scan-start]
0.317: [GC concurrent-root-region-scan-end, 0.0001213 secs]
0.317: [GC concurrent-mark-start]
0.318: [GC concurrent-mark-end, 0.0015489 secs]
0.318: [GC remark, 0.0021668 secs]
0.321: [GC cleanup 179M->179M(256M), 0.0015286 secs]
0.326: [GC pause (G1 Evacuation Pause) (young) 200M->182M(256M), 0.0027466 secs]
0.330: [GC pause (G1 Evacuation Pause) (mixed) 193M->181M(256M), 0.0028297 secs]
0.333: [GC pause (G1 Humongous Allocation) (young) (initial-mark) 182M->181M(256M), 0.0015356 secs]
0.334: [GC concurrent-root-region-scan-start]
0.335: [GC concurrent-root-region-scan-end, 0.0001648 secs]
0.335: [GC concurrent-mark-start]
0.336: [GC concurrent-mark-end, 0.0013087 secs]
0.336: [GC remark, 0.0015745 secs]
0.338: [GC cleanup 193M->193M(256M), 0.0010391 secs]
0.340: [GC pause (G1 Evacuation Pause) (young) 201M->187M(256M), 0.0014502 secs]
0.343: [GC pause (G1 Evacuation Pause) (mixed) 203M->184M(256M), 0.0034601 secs]
0.347: [GC pause (G1 Humongous Allocation) (young) (initial-mark) 184M->184M(256M), 0.0012241 secs]
0.348: [GC concurrent-root-region-scan-start]
0.348: [GC concurrent-root-region-scan-end, 0.0000523 secs]
0.348: [GC concurrent-mark-start]
0.349: [GC concurrent-mark-end, 0.0010917 secs]
0.349: [GC remark, 0.0016717 secs]
0.351: [GC cleanup 192M->192M(256M), 0.0008483 secs]
0.353: [GC pause (G1 Evacuation Pause) (young) 197M->187M(256M), 0.0023230 secs]
0.358: [GC pause (G1 Evacuation Pause) (mixed) 199M->187M(256M), 0.0026850 secs]
0.362: [GC pause (G1 Evacuation Pause) (young) 197M->189M(256M), 0.0020232 secs]
0.365: [GC pause (G1 Humongous Allocation) (young) (initial-mark) 191M->190M(256M), 0.0017349 secs]
0.367: [GC concurrent-root-region-scan-start]
0.367: [GC concurrent-root-region-scan-end, 0.0001242 secs]
0.367: [GC concurrent-mark-start]
0.368: [GC concurrent-mark-end, 0.0012871 secs]
0.368: [GC remark, 0.0017073 secs]
0.370: [GC cleanup 204M->204M(256M), 0.0013120 secs]
0.372: [GC pause (G1 Evacuation Pause) (young) 204M->195M(256M), 0.0017712 secs]
0.375: [GC pause (G1 Evacuation Pause) (mixed) 207M->195M(256M), 0.0027370 secs]
0.378: [GC pause (G1 Humongous Allocation) (young) (initial-mark) 197M->196M(256M), 0.0014649 secs]
0.380: [GC concurrent-root-region-scan-start]
0.380: [GC concurrent-root-region-scan-end, 0.0001094 secs]
0.380: [GC concurrent-mark-start]
0.381: [GC concurrent-mark-end, 0.0012036 secs]
0.381: [GC remark, 0.0014208 secs]
0.383: [GC cleanup 207M->207M(256M), 0.0010506 secs]
0.385: [GC pause (G1 Evacuation Pause) (young) 210M->202M(256M), 0.0031371 secs]
0.390: [GC pause (G1 Evacuation Pause) (mixed)-- 214M->212M(256M), 0.0027908 secs]
0.394: [GC pause (G1 Humongous Allocation) (young) (initial-mark) 216M->213M(256M), 0.0015783 secs]
0.395: [GC concurrent-root-region-scan-start]
0.396: [GC concurrent-root-region-scan-end, 0.0001329 secs]
0.396: [GC concurrent-mark-start]
0.397: [GC concurrent-mark-end, 0.0012150 secs]
0.397: [GC pause (G1 Humongous Allocation) (young)-- 222M->220M(256M), 0.0019370 secs]
0.399: [GC remark, 0.0016645 secs]
0.401: [GC cleanup 221M->221M(256M), 0.0008860 secs]
0.402: [GC pause (G1 Humongous Allocation) (young)-- 222M->222M(256M), 0.0013404 secs]
0.404: [Full GC (Allocation Failure)  222M->181M(256M), 0.0214463 secs]
0.425: [GC pause (G1 Humongous Allocation) (young) (initial-mark) 182M->181M(256M), 0.0015675 secs]
0.427: [GC concurrent-root-region-scan-start]
0.427: [GC concurrent-root-region-scan-end, 0.0000051 secs]
0.427: [GC concurrent-mark-start]
0.428: [GC concurrent-mark-end, 0.0012480 secs]
0.428: [GC remark, 0.0016604 secs]
0.430: [GC cleanup 190M->190M(256M), 0.0012219 secs]
0.432: [GC pause (G1 Evacuation Pause) (young) 194M->186M(256M), 0.0016967 secs]
0.435: [GC pause (G1 Evacuation Pause) (mixed)-- 199M->199M(256M), 0.0020787 secs]
0.437: [GC pause (G1 Humongous Allocation) (young) (initial-mark) 199M->198M(256M), 0.0011305 secs]
0.439: [GC concurrent-root-region-scan-start]
0.439: [GC concurrent-root-region-scan-end, 0.0000856 secs]
0.439: [GC concurrent-mark-start]
0.439: [GC pause (G1 Humongous Allocation) (young)-- 201M->201M(256M), 0.0016684 secs]
0.441: [Full GC (Allocation Failure)  201M->189M(256M), 0.0228357 secs]
0.464: [GC concurrent-mark-abort]
0.464: [GC pause (G1 Humongous Allocation) (young) (initial-mark) 190M->189M(256M), 0.0012302 secs]
0.465: [GC concurrent-root-region-scan-start]
0.465: [GC concurrent-root-region-scan-end, 0.0000769 secs]
0.465: [GC concurrent-mark-start]
0.467: [GC pause (G1 Evacuation Pause) (young)-- 199M->197M(256M), 0.0023474 secs]
0.470: [GC concurrent-mark-end, 0.0042954 secs]
0.470: [GC remark, 0.0021449 secs]
0.472: [GC cleanup 199M->199M(256M), 0.0013419 secs]
0.474: [GC pause (G1 Humongous Allocation) (young)-- 201M->200M(256M), 0.0015216 secs]
0.476: [GC pause (G1 Evacuation Pause) (young) 201M->200M(256M), 0.0011553 secs]
0.477: [GC pause (G1 Humongous Allocation) (young) 200M->200M(256M), 0.0011233 secs]
0.478: [GC pause (G1 Evacuation Pause) (young) (initial-mark) 201M->200M(256M), 0.0010569 secs]
0.479: [GC concurrent-root-region-scan-start]
0.479: [GC concurrent-root-region-scan-end, 0.0000081 secs]
0.479: [GC concurrent-mark-start]
0.480: [GC pause (G1 Evacuation Pause) (young)-- 201M->201M(256M), 0.0011778 secs]
0.481: [Full GC (Allocation Failure)  201M->191M(256M), 0.0205633 secs]
0.502: [GC concurrent-mark-abort]
0.503: [GC pause (G1 Humongous Allocation) (young) (initial-mark) 197M->192M(256M), 0.0019442 secs]
0.505: [GC concurrent-root-region-scan-start]
0.505: [GC concurrent-root-region-scan-end, 0.0000902 secs]
0.505: [GC concurrent-mark-start]
0.506: [GC pause (G1 Humongous Allocation) (young)-- 200M->198M(256M), 0.0020564 secs]
0.508: [GC concurrent-mark-end, 0.0034940 secs]
0.508: [GC pause (G1 Humongous Allocation) (young)-- 200M->200M(256M), 0.0018282 secs]
0.510: [GC remark, 0.0015579 secs]
0.512: [GC pause (G1 Evacuation Pause) (young) 200M->200M(256M), 0.0009958 secs]
0.513: [GC cleanup 200M->200M(256M), 0.0008342 secs]
0.514: [GC pause (G1 Humongous Allocation) (young)-- 200M->200M(256M), 0.0012608 secs]
0.516: [Full GC (Allocation Failure)  200M->193M(256M), 0.0209395 secs]
0.538: [GC pause (G1 Evacuation Pause) (young)-- 201M->201M(256M), 0.0024683 secs]
0.541: [GC pause (G1 Evacuation Pause) (young) (initial-mark)-- 202M->202M(256M), 0.0020525 secs]
0.543: [GC concurrent-root-region-scan-start]
0.543: [GC concurrent-root-region-scan-end, 0.0000048 secs]
0.543: [GC concurrent-mark-start]
0.543: [Full GC (Allocation Failure)  202M->194M(256M), 0.0210624 secs]
0.564: [GC concurrent-mark-abort]
0.565: [GC pause (G1 Humongous Allocation) (young) (initial-mark)-- 199M->200M(256M), 0.0021850 secs]
0.567: [GC concurrent-root-region-scan-start]
0.567: [GC concurrent-root-region-scan-end, 0.0000779 secs]
0.567: [GC concurrent-mark-start]
0.567: [GC pause (G1 Evacuation Pause) (young)-- 201M->201M(256M), 0.0016111 secs]
0.569: [GC pause (G1 Evacuation Pause) (young) 201M->201M(256M), 0.0012977 secs]
0.570: [Full GC (Allocation Failure)  201M->196M(256M), 0.0121580 secs]
0.583: [GC concurrent-mark-abort]
0.583: [GC pause (G1 Humongous Allocation) (young) (initial-mark) 200M->196M(256M), 0.0018987 secs]
0.585: [GC concurrent-root-region-scan-start]
0.585: [GC concurrent-root-region-scan-end, 0.0001093 secs]
0.585: [GC concurrent-mark-start]
0.587: [GC pause (G1 Evacuation Pause) (young)-- 201M->198M(256M), 0.0023882 secs]
0.590: [GC concurrent-mark-end, 0.0048707 secs]
0.590: [GC remark, 0.0016981 secs]
0.592: [GC cleanup 202M->202M(256M), 0.0008980 secs]
0.593: [GC pause (G1 Evacuation Pause) (young)-- 202M->202M(256M), 0.0013092 secs]
0.595: [Full GC (Allocation Failure)  202M->196M(256M), 0.0184640 secs]
0.614: [GC pause (G1 Humongous Allocation) (young) (initial-mark) 197M->196M(256M), 0.0018355 secs]
0.616: [GC concurrent-root-region-scan-start]
0.616: [GC concurrent-root-region-scan-end, 0.0001111 secs]
0.616: [GC concurrent-mark-start]
0.616: [GC pause (G1 Evacuation Pause) (young)-- 201M->200M(256M), 0.0020925 secs]
0.619: [GC pause (G1 Humongous Allocation) (young)-- 200M->200M(256M), 0.0013824 secs]
0.620: [Full GC (Allocation Failure)  200M->198M(256M), 0.0071222 secs]
0.628: [GC concurrent-mark-abort]
0.628: [GC pause (G1 Humongous Allocation) (young) (initial-mark)-- 199M->199M(256M), 0.0024029 secs]
0.630: [GC concurrent-root-region-scan-start]
0.630: [GC concurrent-root-region-scan-end, 0.0000053 secs]
0.630: [GC concurrent-mark-start]
0.630: [GC pause (G1 Humongous Allocation) (young) 199M->199M(256M), 0.0013185 secs]
0.632: [Full GC (Allocation Failure)  199M->199M(256M), 0.0036780 secs]
0.636: [GC concurrent-mark-abort]
0.636: [GC pause (G1 Evacuation Pause) (young) 200M->200M(256M), 0.0013138 secs]
0.637: [GC pause (G1 Evacuation Pause) (young) (initial-mark) 200M->200M(256M), 0.0014835 secs]
0.639: [GC concurrent-root-region-scan-start]
0.639: [GC concurrent-root-region-scan-end, 0.0000047 secs]
0.639: [GC concurrent-mark-start]
0.639: [Full GC (Allocation Failure)  200M->200M(256M), 0.0031271 secs]
0.642: [Full GC (Allocation Failure)  200M->200M(256M), 0.0032342 secs]
0.645: [GC concurrent-mark-abort]
0.645: [GC pause (G1 Evacuation Pause) (young) 200M->200M(256M), 0.0012359 secs]
0.647: [GC pause (G1 Evacuation Pause) (young) (initial-mark) 200M->200M(256M), 0.0012241 secs]
0.648: [GC concurrent-root-region-scan-start]
0.648: [GC concurrent-root-region-scan-end, 0.0000048 secs]
0.648: [GC concurrent-mark-start]
0.648: [Full GC (Allocation Failure)  200M->624K(256M), 0.0032266 secs]
0.652: [GC concurrent-mark-abort]
