Java HotSpot(TM) 64-Bit Server VM (25.202-b08) for windows-amd64 JRE (1.8.0_202-b08), built on Dec 15 2018 19:54:30 by "java_re" with MS VC++ 10.0 (VS2010)
Memory: 4k page, physical 16580024k(8276996k free), swap 19070392k(8792672k free)
CommandLine flags: -XX:InitialHeapSize=536870912 -XX:MaxHeapSize=536870912 -XX:+PrintGC -XX:+PrintGCTimeStamps -XX:+UseCompressedClassPointers -XX:+UseCompressedOops -XX:+UseG1GC -XX:-UseLargePagesIndividualAllocation 
0.119: [GC pause (G1 Evacuation Pause) (young) 33M->11M(512M), 0.0041885 secs]
0.129: [GC pause (G1 Evacuation Pause) (young) 40M->23M(512M), 0.0055759 secs]
0.149: [GC pause (G1 Evacuation Pause) (young) 63M->33M(512M), 0.0038302 secs]
0.250: [GC pause (G1 Evacuation Pause) (young) 274M->107M(512M), 0.0121577 secs]
0.271: [GC pause (G1 Evacuation Pause) (young) 171M->128M(512M), 0.0072521 secs]
0.309: [GC pause (G1 Evacuation Pause) (young) 279M->174M(512M), 0.0091253 secs]
0.339: [GC pause (G1 Humongous Allocation) (young) (initial-mark) 313M->213M(512M), 0.0100602 secs]
0.349: [GC concurrent-root-region-scan-start]
0.349: [GC concurrent-root-region-scan-end, 0.0001594 secs]
0.349: [GC concurrent-mark-start]
0.351: [GC concurrent-mark-end, 0.0013385 secs]
0.351: [GC remark, 0.0021106 secs]
0.353: [GC cleanup 224M->224M(512M), 0.0022185 secs]
0.390: [GC pause (G1 Evacuation Pause) (young)-- 423M->354M(512M), 0.0070995 secs]
0.398: [GC pause (G1 Evacuation Pause) (mixed) 363M->348M(512M), 0.0050521 secs]
0.404: [GC pause (G1 Humongous Allocation) (young) (initial-mark) 351M->348M(512M), 0.0025666 secs]
0.406: [GC concurrent-root-region-scan-start]
0.406: [GC concurrent-root-region-scan-end, 0.0001705 secs]
0.406: [GC concurrent-mark-start]
0.408: [GC concurrent-mark-end, 0.0014452 secs]
0.408: [GC remark, 0.0017364 secs]
0.410: [GC cleanup 364M->364M(512M), 0.0014455 secs]
0.419: [GC pause (G1 Evacuation Pause) (young) 427M->375M(512M), 0.0045282 secs]
0.428: [GC pause (G1 Evacuation Pause) (mixed) 398M->335M(512M), 0.0048831 secs]
0.436: [GC pause (G1 Evacuation Pause) (mixed) 360M->303M(512M), 0.0046385 secs]
0.444: [GC pause (G1 Evacuation Pause) (mixed) 331M->294M(512M), 0.0061310 secs]
0.451: [GC pause (G1 Humongous Allocation) (young) (initial-mark) 299M->296M(512M), 0.0026920 secs]
0.454: [GC concurrent-root-region-scan-start]
0.454: [GC concurrent-root-region-scan-end, 0.0001163 secs]
0.454: [GC concurrent-mark-start]
0.455: [GC concurrent-mark-end, 0.0012756 secs]
0.455: [GC remark, 0.0018134 secs]
0.457: [GC cleanup 309M->309M(512M), 0.0015281 secs]
0.476: [GC pause (G1 Evacuation Pause) (young) 403M->324M(512M), 0.0055575 secs]
0.483: [GC pause (G1 Evacuation Pause) (mixed) 339M->304M(512M), 0.0064349 secs]
0.489: [GC pause (G1 Humongous Allocation) (young) (initial-mark) 305M->303M(512M), 0.0025881 secs]
0.492: [GC concurrent-root-region-scan-start]
0.492: [GC concurrent-root-region-scan-end, 0.0001429 secs]
0.492: [GC concurrent-mark-start]
0.494: [GC concurrent-mark-end, 0.0015868 secs]
0.494: [GC remark, 0.0018716 secs]
0.496: [GC cleanup 321M->321M(512M), 0.0014089 secs]
0.511: [GC pause (G1 Evacuation Pause) (young) 411M->332M(512M), 0.0051782 secs]
0.518: [GC pause (G1 Evacuation Pause) (mixed) 348M->322M(512M), 0.0056608 secs]
0.525: [GC pause (G1 Humongous Allocation) (young) (initial-mark) 332M->326M(512M), 0.0027140 secs]
0.527: [GC concurrent-root-region-scan-start]
0.528: [GC concurrent-root-region-scan-end, 0.0002821 secs]
0.528: [GC concurrent-mark-start]
0.529: [GC concurrent-mark-end, 0.0015621 secs]
0.529: [GC remark, 0.0021330 secs]
0.532: [GC cleanup 341M->341M(512M), 0.0013056 secs]
0.541: [GC pause (G1 Evacuation Pause) (young) 407M->354M(512M), 0.0054068 secs]
0.550: [GC pause (G1 Evacuation Pause) (mixed) 372M->331M(512M), 0.0057663 secs]
0.559: [GC pause (G1 Evacuation Pause) (mixed) 357M->336M(512M), 0.0040503 secs]
0.565: [GC pause (G1 Humongous Allocation) (young) (initial-mark) 345M->340M(512M), 0.0022519 secs]
0.568: [GC concurrent-root-region-scan-start]
0.568: [GC concurrent-root-region-scan-end, 0.0002406 secs]
0.568: [GC concurrent-mark-start]
0.570: [GC concurrent-mark-end, 0.0023243 secs]
0.570: [GC remark, 0.0024052 secs]
0.573: [GC cleanup 357M->357M(512M), 0.0018798 secs]
0.581: [GC pause (G1 Evacuation Pause) (young) 409M->359M(512M), 0.0045475 secs]
0.588: [GC pause (G1 Evacuation Pause) (mixed) 377M->340M(512M), 0.0072409 secs]
0.595: [GC pause (G1 Humongous Allocation) (young) (initial-mark) 343M->340M(512M), 0.0021363 secs]
0.597: [GC concurrent-root-region-scan-start]
0.598: [GC concurrent-root-region-scan-end, 0.0002051 secs]
0.598: [GC concurrent-mark-start]
0.599: [GC concurrent-mark-end, 0.0018542 secs]
0.600: [GC remark, 0.0021228 secs]
0.602: [GC cleanup 357M->357M(512M), 0.0013100 secs]
0.609: [GC pause (G1 Evacuation Pause) (young) 408M->361M(512M), 0.0037596 secs]
0.616: [GC pause (G1 Evacuation Pause) (mixed) 386M->351M(512M), 0.0062986 secs]
0.623: [GC pause (G1 Humongous Allocation) (young) (initial-mark) 358M->353M(512M), 0.0026389 secs]
0.625: [GC concurrent-root-region-scan-start]
0.626: [GC concurrent-root-region-scan-end, 0.0001920 secs]
0.626: [GC concurrent-mark-start]
0.627: [GC concurrent-mark-end, 0.0016248 secs]
0.628: [GC remark, 0.0023728 secs]
0.630: [GC cleanup 369M->369M(512M), 0.0022562 secs]
0.637: [GC pause (G1 Evacuation Pause) (young) 401M->366M(512M), 0.0041549 secs]
0.644: [GC pause (G1 Evacuation Pause) (mixed) 390M->354M(512M), 0.0062020 secs]
0.650: [GC pause (G1 Humongous Allocation) (young) (initial-mark) 355M->354M(512M), 0.0029754 secs]
0.653: [GC concurrent-root-region-scan-start]
0.653: [GC concurrent-root-region-scan-end, 0.0002356 secs]
0.653: [GC concurrent-mark-start]
0.655: [GC concurrent-mark-end, 0.0016282 secs]
0.655: [GC remark, 0.0019984 secs]
0.657: [GC cleanup 372M->372M(512M), 0.0018617 secs]
0.663: [GC pause (G1 Evacuation Pause) (young) 407M->369M(512M), 0.0033557 secs]
0.669: [GC pause (G1 Evacuation Pause) (mixed) 392M->360M(512M), 0.0067775 secs]
0.677: [GC pause (G1 Humongous Allocation) (young) (initial-mark) 363M->360M(512M), 0.0026145 secs]
0.680: [GC concurrent-root-region-scan-start]
0.680: [GC concurrent-root-region-scan-end, 0.0002680 secs]
0.680: [GC concurrent-mark-start]
0.682: [GC concurrent-mark-end, 0.0022166 secs]
0.682: [GC remark, 0.0020266 secs]
0.684: [GC cleanup 380M->380M(512M), 0.0018176 secs]
0.690: [GC pause (G1 Evacuation Pause) (young) 403M->371M(512M), 0.0033128 secs]
0.696: [GC pause (G1 Evacuation Pause) (mixed) 398M->363M(512M), 0.0062469 secs]
0.703: [GC pause (G1 Humongous Allocation) (young) (initial-mark) 365M->363M(512M), 0.0021590 secs]
0.705: [GC concurrent-root-region-scan-start]
0.705: [GC concurrent-root-region-scan-end, 0.0000041 secs]
0.705: [GC concurrent-mark-start]
0.707: [GC concurrent-mark-end, 0.0017223 secs]
0.707: [GC remark, 0.0021363 secs]
0.710: [GC cleanup 379M->379M(512M), 0.0013234 secs]
0.717: [GC pause (G1 Evacuation Pause) (young) 405M->376M(512M), 0.0029137 secs]
0.724: [GC pause (G1 Evacuation Pause) (mixed) 402M->367M(512M), 0.0058011 secs]
0.730: [GC pause (G1 Humongous Allocation) (young) (initial-mark) 369M->366M(512M), 0.0023362 secs]
0.732: [GC concurrent-root-region-scan-start]
0.732: [GC concurrent-root-region-scan-end, 0.0001640 secs]
0.732: [GC concurrent-mark-start]
0.734: [GC concurrent-mark-end, 0.0017525 secs]
0.734: [GC remark, 0.0019130 secs]
0.737: [GC cleanup 378M->378M(512M), 0.0016549 secs]
0.741: [GC pause (G1 Evacuation Pause) (young) 403M->374M(512M), 0.0034419 secs]
0.748: [GC pause (G1 Evacuation Pause) (mixed) 399M->371M(512M), 0.0043832 secs]
0.755: [GC pause (G1 Humongous Allocation) (young) (initial-mark) 382M->373M(512M), 0.0045561 secs]
0.760: [GC concurrent-root-region-scan-start]
0.760: [GC concurrent-root-region-scan-end, 0.0001601 secs]
0.760: [GC concurrent-mark-start]
0.762: [GC concurrent-mark-end, 0.0016329 secs]
0.762: [GC remark, 0.0017809 secs]
0.764: [GC cleanup 389M->389M(512M), 0.0014856 secs]
0.767: [GC pause (G1 Evacuation Pause) (young) 405M->380M(512M), 0.0033450 secs]
0.774: [GC pause (G1 Evacuation Pause) (mixed) 407M->376M(512M), 0.0061460 secs]
0.780: [GC pause (G1 Humongous Allocation) (young) (initial-mark) 380M->378M(512M), 0.0023540 secs]
0.783: [GC concurrent-root-region-scan-start]
0.783: [GC concurrent-root-region-scan-end, 0.0001563 secs]
0.783: [GC concurrent-mark-start]
0.785: [GC concurrent-mark-end, 0.0015494 secs]
0.785: [GC remark, 0.0020008 secs]
0.787: [GC cleanup 395M->395M(512M), 0.0016283 secs]
0.790: [GC pause (G1 Evacuation Pause) (young) 409M->387M(512M), 0.0028578 secs]
0.796: [GC pause (G1 Evacuation Pause) (mixed)-- 418M->407M(512M), 0.0071247 secs]
0.804: [GC pause (G1 Humongous Allocation) (young) (initial-mark) 409M->408M(512M), 0.0018622 secs]
0.806: [GC concurrent-root-region-scan-start]
0.806: [GC concurrent-root-region-scan-end, 0.0000787 secs]
0.806: [GC concurrent-mark-start]
0.807: [GC concurrent-mark-end, 0.0017346 secs]
0.808: [GC remark, 0.0017734 secs]
0.810: [GC cleanup 426M->426M(512M), 0.0014046 secs]
0.813: [GC pause (G1 Evacuation Pause) (young)-- 443M->434M(512M), 0.0020751 secs]
0.817: [GC pause (G1 Evacuation Pause) (mixed)-- 451M->443M(512M), 0.0017286 secs]
0.820: [GC pause (G1 Evacuation Pause) (mixed)-- 452M->449M(512M), 0.0013568 secs]
0.822: [GC pause (G1 Humongous Allocation) (young) (initial-mark) 450M->449M(512M), 0.0007925 secs]
0.822: [GC concurrent-root-region-scan-start]
0.823: [GC concurrent-root-region-scan-end, 0.0000951 secs]
0.823: [GC concurrent-mark-start]
0.823: [GC pause (G1 Humongous Allocation) (young)-- 451M->450M(512M), 0.0010982 secs]
0.824: [GC pause (G1 Evacuation Pause) (young)-- 452M->451M(512M), 0.0010675 secs]
0.826: [GC pause (G1 Evacuation Pause) (young)-- 452M->452M(512M), 0.0009973 secs]
0.827: [GC pause (G1 Humongous Allocation) (young)-- 452M->451M(512M), 0.0010016 secs]
0.828: [GC pause (G1 Evacuation Pause) (young) 452M->451M(512M), 0.0008859 secs]
0.829: [GC pause (G1 Evacuation Pause) (young)-- 452M->452M(512M), 0.0009880 secs]
0.830: [Full GC (Allocation Failure)  452M->328M(512M), 0.0348880 secs]
0.865: [GC concurrent-mark-abort]
0.865: [GC pause (G1 Humongous Allocation) (young) (initial-mark) 329M->328M(512M), 0.0017950 secs]
0.867: [GC concurrent-root-region-scan-start]
0.867: [GC concurrent-root-region-scan-end, 0.0001061 secs]
0.867: [GC concurrent-mark-start]
0.869: [GC concurrent-mark-end, 0.0014267 secs]
0.869: [GC remark, 0.0020822 secs]
0.871: [GC cleanup 341M->341M(512M), 0.0016961 secs]
0.876: [GC pause (G1 Evacuation Pause) (young) 367M->336M(512M), 0.0025534 secs]
0.879: [GC pause (G1 Humongous Allocation) (young) (initial-mark) 338M->337M(512M), 0.0013371 secs]
0.880: [GC concurrent-root-region-scan-start]
0.880: [GC concurrent-root-region-scan-end, 0.0000692 secs]
0.880: [GC concurrent-mark-start]
0.884: [GC concurrent-mark-end, 0.0031498 secs]
0.884: [GC remark, 0.0018035 secs]
0.886: [GC cleanup 349M->349M(512M), 0.0011055 secs]
0.890: [GC pause (G1 Evacuation Pause) (young) 369M->342M(512M), 0.0029572 secs]
0.896: [GC pause (G1 Evacuation Pause) (mixed) 372M->348M(512M), 0.0036863 secs]
0.900: [GC pause (G1 Humongous Allocation) (young) (initial-mark) 351M->348M(512M), 0.0023075 secs]
0.902: [GC concurrent-root-region-scan-start]
0.902: [GC concurrent-root-region-scan-end, 0.0001681 secs]
0.902: [GC concurrent-mark-start]
0.904: [GC concurrent-mark-end, 0.0016773 secs]
0.904: [GC remark, 0.0019194 secs]
0.906: [GC cleanup 366M->366M(512M), 0.0016952 secs]
0.910: [GC pause (G1 Evacuation Pause) (young) 375M->358M(512M), 0.0031309 secs]
0.916: [GC pause (G1 Evacuation Pause) (mixed) 386M->356M(512M), 0.0054629 secs]
0.922: [GC pause (G1 Humongous Allocation) (young) (initial-mark) 357M->356M(512M), 0.0036313 secs]
0.925: [GC concurrent-root-region-scan-start]
0.926: [GC concurrent-root-region-scan-end, 0.0000560 secs]
0.926: [GC concurrent-mark-start]
0.927: [GC concurrent-mark-end, 0.0019627 secs]
0.928: [GC remark, 0.0022659 secs]
0.930: [GC cleanup 370M->370M(512M), 0.0017087 secs]
0.934: [GC pause (G1 Evacuation Pause) (young) 389M->365M(512M), 0.0031960 secs]
0.940: [GC pause (G1 Evacuation Pause) (mixed) 390M->360M(512M), 0.0058540 secs]
0.947: [GC pause (G1 Humongous Allocation) (young) (initial-mark) 362M->360M(512M), 0.0025622 secs]
0.950: [GC concurrent-root-region-scan-start]
0.950: [GC concurrent-root-region-scan-end, 0.0001747 secs]
0.950: [GC concurrent-mark-start]
0.951: [GC concurrent-mark-end, 0.0014731 secs]
0.951: [GC remark, 0.0019529 secs]
0.954: [GC cleanup 378M->378M(512M), 0.0017056 secs]
0.957: [GC pause (G1 Evacuation Pause) (young) 395M->366M(512M), 0.0039067 secs]
0.967: [GC pause (G1 Evacuation Pause) (mixed) 393M->362M(512M), 0.0062921 secs]
0.973: [GC pause (G1 Humongous Allocation) (young) (initial-mark) 364M->362M(512M), 0.0023604 secs]
0.976: [GC concurrent-root-region-scan-start]
0.976: [GC concurrent-root-region-scan-end, 0.0002052 secs]
0.976: [GC concurrent-mark-start]
0.977: [GC concurrent-mark-end, 0.0015291 secs]
0.978: [GC remark, 0.0021709 secs]
0.980: [GC cleanup 376M->376M(512M), 0.0018914 secs]
0.984: [GC pause (G1 Evacuation Pause) (young) 392M->372M(512M), 0.0027176 secs]
0.989: [GC pause (G1 Evacuation Pause) (mixed) 398M->369M(512M), 0.0063328 secs]
0.996: [GC pause (G1 Humongous Allocation) (young) (initial-mark) 371M->369M(512M), 0.0029591 secs]
0.999: [GC concurrent-root-region-scan-start]
0.999: [GC concurrent-root-region-scan-end, 0.0002018 secs]
0.999: [GC concurrent-mark-start]
1.001: [GC concurrent-mark-end, 0.0020266 secs]
1.002: [GC remark, 0.0021060 secs]
1.004: [GC cleanup 381M->381M(512M), 0.0014942 secs]
1.011: [GC pause (G1 Evacuation Pause) (young) 398M->375M(512M), 0.0021647 secs]
1.017: [GC pause (G1 Evacuation Pause) (mixed) 401M->371M(512M), 0.0050562 secs]
1.022: [GC pause (G1 Humongous Allocation) (young) (initial-mark) 372M->371M(512M), 0.0022936 secs]
1.025: [GC concurrent-root-region-scan-start]
1.025: [GC concurrent-root-region-scan-end, 0.0000806 secs]
1.025: [GC concurrent-mark-start]
1.027: [GC concurrent-mark-end, 0.0020482 secs]
1.027: [GC remark, 0.0024766 secs]
1.030: [GC cleanup 383M->383M(512M), 0.0017730 secs]
1.035: [GC pause (G1 Evacuation Pause) (young) 404M->374M(512M), 0.0027760 secs]
1.040: [GC pause (G1 Evacuation Pause) (mixed) 397M->369M(512M), 0.0051039 secs]
1.046: [GC pause (G1 Humongous Allocation) (young) (initial-mark) 370M->370M(512M), 0.0025423 secs]
1.048: [GC concurrent-root-region-scan-start]
1.049: [GC concurrent-root-region-scan-end, 0.0001238 secs]
1.049: [GC concurrent-mark-start]
1.052: [GC concurrent-mark-end, 0.0032566 secs]
1.052: [GC remark, 0.0018355 secs]
1.054: [GC cleanup 390M->390M(512M), 0.0009927 secs]
1.056: [GC pause (G1 Evacuation Pause) (young) 401M->378M(512M), 0.0028540 secs]
1.062: [GC pause (G1 Evacuation Pause) (mixed) 405M->373M(512M), 0.0048638 secs]
1.067: [GC pause (G1 Humongous Allocation) (young) (initial-mark) 374M->373M(512M), 0.0012936 secs]
1.068: [GC concurrent-root-region-scan-start]
1.068: [GC concurrent-root-region-scan-end, 0.0000989 secs]
1.068: [GC concurrent-mark-start]
1.070: [GC concurrent-mark-end, 0.0018299 secs]
1.070: [GC remark, 0.0016755 secs]
1.072: [GC cleanup 386M->386M(512M), 0.0013723 secs]
1.076: [GC pause (G1 Evacuation Pause) (young) 403M->379M(512M), 0.0027874 secs]
1.081: [GC pause (G1 Evacuation Pause) (mixed) 403M->376M(512M), 0.0038879 secs]
1.088: [GC pause (G1 Evacuation Pause) (mixed) 401M->375M(512M), 0.0059726 secs]
