Java HotSpot(TM) 64-Bit Server VM (25.202-b08) for windows-amd64 JRE (1.8.0_202-b08), built on Dec 15 2018 19:54:30 by "java_re" with MS VC++ 10.0 (VS2010)
Memory: 4k page, physical 16580024k(7336904k free), swap 19070392k(7629048k free)
CommandLine flags: -XX:InitialHeapSize=4294967296 -XX:MaxGCPauseMillis=20 -XX:MaxHeapSize=4294967296 -XX:+PrintGC -XX:+PrintGCTimeStamps -XX:+UseCompressedClassPointers -XX:+UseCompressedOops -XX:+UseG1GC -XX:-UseLargePagesIndividualAllocation 
0.254: [GC pause (G1 Evacuation Pause) (young) 204M->67M(4096M), 0.0102833 secs]
0.292: [GC pause (G1 Evacuation Pause) (young) 245M->119M(4096M), 0.0109526 secs]
0.327: [GC pause (G1 Evacuation Pause) (young) 297M->177M(4096M), 0.0113980 secs]
0.364: [GC pause (G1 Evacuation Pause) (young) 355M->232M(4096M), 0.0123325 secs]
0.398: [GC pause (G1 Evacuation Pause) (young) 410M->288M(4096M), 0.0120982 secs]
0.431: [GC pause (G1 Evacuation Pause) (young) 466M->344M(4096M), 0.0118373 secs]
0.463: [GC pause (G1 Evacuation Pause) (young) 522M->406M(4096M), 0.0117740 secs]
0.495: [GC pause (G1 Evacuation Pause) (young) 584M->463M(4096M), 0.0115873 secs]
0.529: [GC pause (G1 Evacuation Pause) (young) 641M->519M(4096M), 0.0107046 secs]
0.559: [GC pause (G1 Evacuation Pause) (young) 697M->575M(4096M), 0.0101017 secs]
0.592: [GC pause (G1 Evacuation Pause) (young) 753M->641M(4096M), 0.0124106 secs]
0.628: [GC pause (G1 Evacuation Pause) (young) 819M->687M(4096M), 0.0104349 secs]
0.659: [GC pause (G1 Evacuation Pause) (young) 865M->746M(4096M), 0.0110634 secs]
0.690: [GC pause (G1 Evacuation Pause) (young) 924M->810M(4096M), 0.0112774 secs]
0.722: [GC pause (G1 Evacuation Pause) (young) 988M->864M(4096M), 0.0113356 secs]
0.755: [GC pause (G1 Evacuation Pause) (young) 1042M->927M(4096M), 0.0118166 secs]
0.787: [GC pause (G1 Evacuation Pause) (young) 1105M->991M(4096M), 0.0123417 secs]
0.821: [GC pause (G1 Evacuation Pause) (young) 1169M->1048M(4096M), 0.0114597 secs]
0.857: [GC pause (G1 Evacuation Pause) (young) 1226M->1105M(4096M), 0.0112733 secs]
0.889: [GC pause (G1 Evacuation Pause) (young) 1283M->1163M(4096M), 0.0111697 secs]
0.922: [GC pause (G1 Evacuation Pause) (young) 1341M->1216M(4096M), 0.0117904 secs]
0.956: [GC pause (G1 Evacuation Pause) (young) 1394M->1276M(4096M), 0.0119506 secs]
0.990: [GC pause (G1 Evacuation Pause) (young) 1458M->1336M(4096M), 0.0110006 secs]
1.030: [GC pause (G1 Evacuation Pause) (young) 1538M->1395M(4096M), 0.0128529 secs]
1.065: [GC pause (G1 Evacuation Pause) (young) 1603M->1463M(4096M), 0.0134603 secs]
1.101: [GC pause (G1 Evacuation Pause) (young) 1681M->1533M(4096M), 0.0147177 secs]
1.140: [GC pause (G1 Evacuation Pause) (young) 1751M->1605M(4096M), 0.0126981 secs]
1.180: [GC pause (G1 Evacuation Pause) (young) 1837M->1671M(4096M), 0.0122630 secs]
1.225: [GC pause (G1 Evacuation Pause) (young) 1943M->1753M(4096M), 0.0152134 secs]
1.270: [GC pause (G1 Evacuation Pause) (young) 2005M->1824M(4096M), 0.0156689 secs]
1.317: [GC pause (G1 Evacuation Pause) (young) 2090M->1911M(4096M), 0.0158979 secs]
1.369: [GC pause (G1 Evacuation Pause) (young) (initial-mark) 2191M->1993M(4096M), 0.0177029 secs]
1.387: [GC concurrent-root-region-scan-start]
1.387: [GC concurrent-root-region-scan-end, 0.0002080 secs]
1.387: [GC concurrent-mark-start]
1.397: [GC concurrent-mark-end, 0.0092520 secs]
1.397: [GC remark, 0.0025524 secs]
1.399: [GC cleanup 2080M->1156M(4096M), 0.0019677 secs]
1.402: [GC concurrent-cleanup-start]
1.402: [GC concurrent-cleanup-end, 0.0004818 secs]
1.429: [GC pause (G1 Evacuation Pause) (young) 1345M->1155M(4096M), 0.0144547 secs]
1.463: [GC pause (G1 Evacuation Pause) (mixed) 1319M->1097M(4096M), 0.0112493 secs]
1.498: [GC pause (G1 Evacuation Pause) (mixed) 1275M->1038M(4096M), 0.0097096 secs]
1.536: [GC pause (G1 Evacuation Pause) (mixed) 1216M->980M(4096M), 0.0111297 secs]
1.577: [GC pause (G1 Evacuation Pause) (mixed) 1158M->937M(4096M), 0.0108777 secs]
1.617: [GC pause (G1 Evacuation Pause) (mixed) 1115M->925M(4096M), 0.0105895 secs]
1.662: [GC pause (G1 Evacuation Pause) (young) 1139M->998M(4096M), 0.0128797 secs]
1.714: [GC pause (G1 Evacuation Pause) (young) 1236M->1065M(4096M), 0.0112497 secs]
1.765: [GC pause (G1 Evacuation Pause) (young) 1339M->1137M(4096M), 0.0132695 secs]
1.822: [GC pause (G1 Evacuation Pause) (young) 1423M->1211M(4096M), 0.0141691 secs]
1.880: [GC pause (G1 Evacuation Pause) (young) 1521M->1302M(4096M), 0.0155561 secs]
1.938: [GC pause (G1 Evacuation Pause) (young) 1604M->1399M(4096M), 0.0184695 secs]
1.999: [GC pause (G1 Evacuation Pause) (young) 1695M->1477M(4096M), 0.0147424 secs]
2.059: [GC pause (G1 Evacuation Pause) (young) 1805M->1568M(4096M), 0.0167151 secs]
2.118: [GC pause (G1 Evacuation Pause) (young) 1886M->1660M(4096M), 0.0159187 secs]
2.183: [GC pause (G1 Evacuation Pause) (young) 2012M->1747M(4096M), 0.0170153 secs]
2.250: [GC pause (G1 Evacuation Pause) (young) 2085M->1837M(4096M), 0.0160676 secs]
2.315: [GC pause (G1 Evacuation Pause) (young) 2195M->1944M(4096M), 0.0178585 secs]
2.390: [GC pause (G1 Evacuation Pause) (young) (initial-mark) 2296M->2024M(4096M), 0.0194857 secs]
2.410: [GC concurrent-root-region-scan-start]
2.410: [GC concurrent-root-region-scan-end, 0.0002036 secs]
2.410: [GC concurrent-mark-start]
2.419: [GC concurrent-mark-end, 0.0089786 secs]
2.419: [GC remark, 0.0024750 secs]
2.422: [GC cleanup 2056M->1042M(4096M), 0.0020868 secs]
2.424: [GC concurrent-cleanup-start]
2.425: [GC concurrent-cleanup-end, 0.0009048 secs]
2.491: [GC pause (G1 Evacuation Pause) (young) 1332M->1097M(4096M), 0.0223139 secs]
2.543: [GC pause (G1 Evacuation Pause) (mixed) 1253M->1035M(4096M), 0.0114237 secs]
2.589: [GC pause (G1 Evacuation Pause) (mixed) 1213M->938M(4096M), 0.0111204 secs]
2.629: [GC pause (G1 Evacuation Pause) (mixed) 1116M->844M(4096M), 0.0109697 secs]
2.668: [GC pause (G1 Evacuation Pause) (mixed) 1022M->844M(4096M), 0.0116574 secs]
2.706: [GC pause (G1 Evacuation Pause) (young) 1024M->895M(4096M), 0.0099066 secs]
2.748: [GC pause (G1 Evacuation Pause) (young) 1115M->965M(4096M), 0.0107248 secs]
2.796: [GC pause (G1 Evacuation Pause) (young) 1219M->1034M(4096M), 0.0126632 secs]
2.847: [GC pause (G1 Evacuation Pause) (young) 1318M->1118M(4096M), 0.0142102 secs]
2.904: [GC pause (G1 Evacuation Pause) (young) 1418M->1195M(4096M), 0.0151872 secs]
2.965: [GC pause (G1 Evacuation Pause) (young) 1505M->1277M(4096M), 0.0155431 secs]
3.028: [GC pause (G1 Evacuation Pause) (young) 1601M->1365M(4096M), 0.0156844 secs]
3.092: [GC pause (G1 Evacuation Pause) (young) 1701M->1459M(4096M), 0.0154684 secs]
3.170: [GC pause (G1 Evacuation Pause) (young) 1815M->1555M(4096M), 0.0179010 secs]
3.234: [GC pause (G1 Evacuation Pause) (young) 1895M->1657M(4096M), 0.0174783 secs]
3.302: [GC pause (G1 Evacuation Pause) (young) 2007M->1759M(4096M), 0.0175022 secs]
3.372: [GC pause (G1 Evacuation Pause) (young) 2117M->1853M(4096M), 0.0168218 secs]
3.437: [GC pause (G1 Evacuation Pause) (young) 2215M->1952M(4096M), 0.0187122 secs]
3.503: [GC pause (G1 Evacuation Pause) (young) (initial-mark) 2304M->2053M(4096M), 0.0195042 secs]
3.523: [GC concurrent-root-region-scan-start]
3.523: [GC concurrent-root-region-scan-end, 0.0001851 secs]
3.523: [GC concurrent-mark-start]
3.528: [GC concurrent-mark-end, 0.0053887 secs]
3.529: [GC remark, 0.0026819 secs]
3.532: [GC cleanup 2087M->1049M(4096M), 0.0025854 secs]
3.534: [GC concurrent-cleanup-start]
3.535: [GC concurrent-cleanup-end, 0.0009288 secs]
3.588: [GC pause (G1 Evacuation Pause) (young) 1357M->1104M(4096M), 0.0149762 secs]
3.626: [GC pause (G1 Evacuation Pause) (mixed) 1258M->822M(4096M), 0.0129656 secs]
3.666: [GC pause (G1 Evacuation Pause) (mixed) 1000M->765M(4096M), 0.0118416 secs]
3.703: [GC pause (G1 Evacuation Pause) (young) 943M->826M(4096M), 0.0117266 secs]
3.739: [GC pause (G1 Evacuation Pause) (young) 1004M->885M(4096M), 0.0111598 secs]
3.782: [GC pause (G1 Evacuation Pause) (young) 1101M->950M(4096M), 0.0111073 secs]
3.830: [GC pause (G1 Evacuation Pause) (young) 1204M->1019M(4096M), 0.0118706 secs]
3.883: [GC pause (G1 Evacuation Pause) (young) 1325M->1128M(4096M), 0.0158459 secs]
3.941: [GC pause (G1 Evacuation Pause) (young) 1428M->1213M(4096M), 0.0152461 secs]
4.001: [GC pause (G1 Evacuation Pause) (young) 1539M->1309M(4096M), 0.0175581 secs]
4.062: [GC pause (G1 Evacuation Pause) (young) 1617M->1400M(4096M), 0.0172206 secs]
4.125: [GC pause (G1 Evacuation Pause) (young) 1726M->1499M(4096M), 0.0159346 secs]
4.187: [GC pause (G1 Evacuation Pause) (young) 1831M->1589M(4096M), 0.0146568 secs]
4.254: [GC pause (G1 Evacuation Pause) (young) 1953M->1691M(4096M), 0.0161302 secs]
4.322: [GC pause (G1 Evacuation Pause) (young) 2057M->1799M(4096M), 0.0169820 secs]
4.393: [GC pause (G1 Evacuation Pause) (young) 2179M->1892M(4096M), 0.0180317 secs]
4.460: [GC pause (G1 Evacuation Pause) (young) 2252M->1995M(4096M), 0.0183922 secs]
4.535: [GC pause (G1 Evacuation Pause) (young) (initial-mark) 2365M->2093M(4096M), 0.0211550 secs]
4.556: [GC concurrent-root-region-scan-start]
4.556: [GC concurrent-root-region-scan-end, 0.0001460 secs]
4.556: [GC concurrent-mark-start]
4.562: [GC concurrent-mark-end, 0.0053264 secs]
4.562: [GC remark, 0.0026139 secs]
4.565: [GC cleanup 2128M->1036M(4096M), 0.0019103 secs]
4.567: [GC concurrent-cleanup-start]
4.568: [GC concurrent-cleanup-end, 0.0007133 secs]
4.613: [GC pause (G1 Evacuation Pause) (young) 1319M->1090M(4096M), 0.0160693 secs]
4.654: [GC pause (G1 Evacuation Pause) (mixed) 1246M->827M(4096M), 0.0123039 secs]
4.692: [GC pause (G1 Evacuation Pause) (mixed) 1005M->761M(4096M), 0.0116434 secs]
4.729: [GC pause (G1 Evacuation Pause) (young) 939M->825M(4096M), 0.0101484 secs]
4.767: [GC pause (G1 Evacuation Pause) (young) 1019M->890M(4096M), 0.0117787 secs]
4.814: [GC pause (G1 Evacuation Pause) (young) 1128M->959M(4096M), 0.0113305 secs]
4.867: [GC pause (G1 Evacuation Pause) (young) 1249M->1037M(4096M), 0.0140839 secs]
4.921: [GC pause (G1 Evacuation Pause) (young) 1339M->1123M(4096M), 0.0133483 secs]
4.986: [GC pause (G1 Evacuation Pause) (young) 1473M->1215M(4096M), 0.0144535 secs]
5.053: [GC pause (G1 Evacuation Pause) (young) 1575M->1310M(4096M), 0.0165284 secs]
5.119: [GC pause (G1 Evacuation Pause) (young) 1670M->1411M(4096M), 0.0171841 secs]
5.188: [GC pause (G1 Evacuation Pause) (young) 1773M->1503M(4096M), 0.0167359 secs]
5.256: [GC pause (G1 Evacuation Pause) (young) 1875M->1597M(4096M), 0.0161948 secs]
5.322: [GC pause (G1 Evacuation Pause) (young) 1981M->1699M(4096M), 0.0170210 secs]
5.392: [GC pause (G1 Evacuation Pause) (young) 2083M->1811M(4096M), 0.0189169 secs]
5.463: [GC pause (G1 Evacuation Pause) (young) 2185M->1915M(4096M), 0.0186385 secs]
5.532: [GC pause (G1 Evacuation Pause) (young) (initial-mark) 2289M->2018M(4096M), 0.0195197 secs]
5.552: [GC concurrent-root-region-scan-start]
5.552: [GC concurrent-root-region-scan-end, 0.0002693 secs]
5.552: [GC concurrent-mark-start]
5.557: [GC concurrent-mark-end, 0.0049724 secs]
5.557: [GC remark, 0.0028209 secs]
5.560: [GC cleanup 2060M->1004M(4096M), 0.0031662 secs]
5.564: [GC concurrent-cleanup-start]
5.564: [GC concurrent-cleanup-end, 0.0006714 secs]
5.608: [GC pause (G1 Evacuation Pause) (young) 1314M->1063M(4096M), 0.0169492 secs]
5.647: [GC pause (G1 Evacuation Pause) (mixed) 1215M->810M(4096M), 0.0126990 secs]
5.683: [GC pause (G1 Evacuation Pause) (mixed) 988M->762M(4096M), 0.0106630 secs]
5.718: [GC pause (G1 Evacuation Pause) (young) 940M->827M(4096M), 0.0110404 secs]
5.756: [GC pause (G1 Evacuation Pause) (young) 1035M->892M(4096M), 0.0118227 secs]
5.802: [GC pause (G1 Evacuation Pause) (young) 1148M->978M(4096M), 0.0145995 secs]
5.851: [GC pause (G1 Evacuation Pause) (young) 1240M->1055M(4096M), 0.0132075 secs]
5.906: [GC pause (G1 Evacuation Pause) (young) 1369M->1141M(4096M), 0.0156864 secs]
5.963: [GC pause (G1 Evacuation Pause) (young) 1455M->1231M(4096M), 0.0162058 secs]
6.023: [GC pause (G1 Evacuation Pause) (young) 1553M->1319M(4096M), 0.0144462 secs]
6.085: [GC pause (G1 Evacuation Pause) (young) 1679M->1419M(4096M), 0.0163219 secs]
6.150: [GC pause (G1 Evacuation Pause) (young) 1777M->1514M(4096M), 0.0156961 secs]
6.217: [GC pause (G1 Evacuation Pause) (young) 1886M->1614M(4096M), 0.0168498 secs]
6.289: [GC pause (G1 Evacuation Pause) (young) 1990M->1714M(4096M), 0.0163471 secs]
6.358: [GC pause (G1 Evacuation Pause) (young) 2100M->1809M(4096M), 0.0169801 secs]
6.430: [GC pause (G1 Evacuation Pause) (young) 2217M->1919M(4096M), 0.0193744 secs]
6.499: [GC pause (G1 Evacuation Pause) (young) (initial-mark) 2291M->2012M(4096M), 0.0176909 secs]
6.517: [GC concurrent-root-region-scan-start]
6.517: [GC concurrent-root-region-scan-end, 0.0001552 secs]
6.517: [GC concurrent-mark-start]
6.524: [GC concurrent-mark-end, 0.0067332 secs]
6.524: [GC remark, 0.0029385 secs]
6.527: [GC cleanup 2064M->1026M(4096M), 0.0018763 secs]
6.529: [GC concurrent-cleanup-start]
6.530: [GC concurrent-cleanup-end, 0.0006186 secs]
6.579: [GC pause (G1 Evacuation Pause) (young) 1356M->1090M(4096M), 0.0174757 secs]
6.618: [GC pause (G1 Evacuation Pause) (mixed) 1238M->743M(4096M), 0.0151215 secs]
6.659: [GC pause (G1 Evacuation Pause) (mixed) 921M->761M(4096M), 0.0098946 secs]
6.694: [GC pause (G1 Evacuation Pause) (young) 939M->815M(4096M), 0.0094237 secs]
6.733: [GC pause (G1 Evacuation Pause) (young) 1029M->878M(4096M), 0.0122447 secs]
6.781: [GC pause (G1 Evacuation Pause) (young) 1128M->961M(4096M), 0.0125514 secs]
6.834: [GC pause (G1 Evacuation Pause) (young) 1249M->1046M(4096M), 0.0157215 secs]
6.886: [GC pause (G1 Evacuation Pause) (young) 1324M->1127M(4096M), 0.0135327 secs]
6.950: [GC pause (G1 Evacuation Pause) (young) 1501M->1233M(4096M), 0.0169678 secs]
7.010: [GC pause (G1 Evacuation Pause) (young) 1551M->1307M(4096M), 0.0133800 secs]
7.084: [GC pause (G1 Evacuation Pause) (young) 1739M->1421M(4096M), 0.0175472 secs]
7.155: [GC pause (G1 Evacuation Pause) (young) 1801M->1526M(4096M), 0.0182982 secs]
7.225: [GC pause (G1 Evacuation Pause) (young) 1912M->1636M(4096M), 0.0188597 secs]
7.299: [GC pause (G1 Evacuation Pause) (young) 2004M->1735M(4096M), 0.0183353 secs]
7.384: [GC pause (G1 Evacuation Pause) (young) 2097M->1833M(4096M), 0.0172611 secs]
7.456: [GC pause (G1 Evacuation Pause) (young) 2211M->1931M(4096M), 0.0157428 secs]
7.530: [GC pause (G1 Evacuation Pause) (young) (initial-mark) 2339M->2039M(4096M), 0.0189956 secs]
7.549: [GC concurrent-root-region-scan-start]
7.549: [GC concurrent-root-region-scan-end, 0.0001668 secs]
7.549: [GC concurrent-mark-start]
7.555: [GC concurrent-mark-end, 0.0053676 secs]
7.555: [GC remark, 0.0024613 secs]
7.558: [GC cleanup 2078M->1024M(4096M), 0.0016942 secs]
7.559: [GC concurrent-cleanup-start]
7.560: [GC concurrent-cleanup-end, 0.0005596 secs]
7.608: [GC pause (G1 Evacuation Pause) (young) 1359M->1091M(4096M), 0.0181771 secs]
7.649: [GC pause (G1 Evacuation Pause) (mixed) 1241M->755M(4096M), 0.0142175 secs]
7.689: [GC pause (G1 Evacuation Pause) (mixed) 933M->788M(4096M), 0.0101593 secs]
7.731: [GC pause (G1 Evacuation Pause) (young) 966M->846M(4096M), 0.0136930 secs]
7.773: [GC pause (G1 Evacuation Pause) (young) 1024M->910M(4096M), 0.0104497 secs]
7.831: [GC pause (G1 Evacuation Pause) (young) 1126M->985M(4096M), 0.0125485 secs]
7.888: [GC pause (G1 Evacuation Pause) (young) 1223M->1065M(4096M), 0.0130876 secs]
7.958: [GC pause (G1 Evacuation Pause) (young) 1335M->1142M(4096M), 0.0126492 secs]
8.020: [GC pause (G1 Evacuation Pause) (young) 1452M->1235M(4096M), 0.0138808 secs]
8.084: [GC pause (G1 Evacuation Pause) (young) 1567M->1329M(4096M), 0.0143103 secs]
8.156: [GC pause (G1 Evacuation Pause) (young) 1697M->1425M(4096M), 0.0156263 secs]
8.227: [GC pause (G1 Evacuation Pause) (young) 1809M->1532M(4096M), 0.0177466 secs]
8.300: [GC pause (G1 Evacuation Pause) (young) 1908M->1632M(4096M), 0.0181725 secs]
8.370: [GC pause (G1 Evacuation Pause) (young) 2004M->1734M(4096M), 0.0179402 secs]
8.437: [GC pause (G1 Evacuation Pause) (young) 2112M->1837M(4096M), 0.0187757 secs]
8.507: [GC pause (G1 Evacuation Pause) (young) 2199M->1938M(4096M), 0.0162502 secs]
8.583: [GC pause (G1 Evacuation Pause) (young) (initial-mark) 2330M->2028M(4096M), 0.0152446 secs]
8.599: [GC concurrent-root-region-scan-start]
8.599: [GC concurrent-root-region-scan-end, 0.0001726 secs]
8.599: [GC concurrent-mark-start]
8.605: [GC concurrent-mark-end, 0.0064075 secs]
8.606: [GC remark, 0.0027168 secs]
8.609: [GC cleanup 2062M->1030M(4096M), 0.0018678 secs]
8.611: [GC concurrent-cleanup-start]
8.611: [GC concurrent-cleanup-end, 0.0005987 secs]
8.668: [GC pause (G1 Evacuation Pause) (young) 1404M->1113M(4096M), 0.0198271 secs]
8.710: [GC pause (G1 Evacuation Pause) (mixed) 1259M->756M(4096M), 0.0129651 secs]
8.748: [GC pause (G1 Evacuation Pause) (mixed) 934M->754M(4096M), 0.0103847 secs]
8.784: [GC pause (G1 Evacuation Pause) (young) 932M->807M(4096M), 0.0091524 secs]
8.825: [GC pause (G1 Evacuation Pause) (young) 1027M->876M(4096M), 0.0104443 secs]
8.875: [GC pause (G1 Evacuation Pause) (young) 1156M->955M(4096M), 0.0123730 secs]
8.931: [GC pause (G1 Evacuation Pause) (young) 1269M->1049M(4096M), 0.0158331 secs]
8.989: [GC pause (G1 Evacuation Pause) (young) 1359M->1142M(4096M), 0.0145719 secs]
9.047: [GC pause (G1 Evacuation Pause) (young) 1474M->1247M(4096M), 0.0156082 secs]
9.113: [GC pause (G1 Evacuation Pause) (young) 1597M->1357M(4096M), 0.0170383 secs]
9.185: [GC pause (G1 Evacuation Pause) (young) 1693M->1449M(4096M), 0.0151752 secs]
9.258: [GC pause (G1 Evacuation Pause) (young) 1811M->1557M(4096M), 0.0168134 secs]
9.325: [GC pause (G1 Evacuation Pause) (young) 1929M->1657M(4096M), 0.0171570 secs]
9.395: [GC pause (G1 Evacuation Pause) (young) 2029M->1760M(4096M), 0.0183156 secs]
9.462: [GC pause (G1 Evacuation Pause) (young) 2118M->1861M(4096M), 0.0170332 secs]
9.532: [GC pause (G1 Evacuation Pause) (young) 2249M->1970M(4096M), 0.0184921 secs]
9.606: [GC pause (G1 Evacuation Pause) (young) (initial-mark) 2338M->2060M(4096M), 0.0185831 secs]
9.625: [GC concurrent-root-region-scan-start]
9.625: [GC concurrent-root-region-scan-end, 0.0001374 secs]
9.625: [GC concurrent-mark-start]
9.632: [GC concurrent-mark-end, 0.0071099 secs]
9.633: [GC remark, 0.0024087 secs]
9.635: [GC cleanup 2100M->1032M(4096M), 0.0017385 secs]
9.637: [GC concurrent-cleanup-start]
9.638: [GC concurrent-cleanup-end, 0.0010270 secs]
9.690: [GC pause (G1 Evacuation Pause) (young) 1350M->1090M(4096M), 0.0169035 secs]
9.729: [GC pause (G1 Evacuation Pause) (mixed) 1242M->742M(4096M), 0.0156321 secs]
9.777: [GC pause (G1 Evacuation Pause) (mixed) 920M->743M(4096M), 0.0111460 secs]
9.816: [GC pause (G1 Evacuation Pause) (young) 921M->801M(4096M), 0.0095112 secs]
9.855: [GC pause (G1 Evacuation Pause) (young) 981M->858M(4096M), 0.0099642 secs]
9.903: [GC pause (G1 Evacuation Pause) (young) 1094M->939M(4096M), 0.0132429 secs]
9.957: [GC pause (G1 Evacuation Pause) (young) 1195M->1013M(4096M), 0.0129142 secs]
10.013: [GC pause (G1 Evacuation Pause) (young) 1307M->1105M(4096M), 0.0136758 secs]
10.075: [GC pause (G1 Evacuation Pause) (young) 1425M->1190M(4096M), 0.0139285 secs]
10.140: [GC pause (G1 Evacuation Pause) (young) 1546M->1285M(4096M), 0.0164099 secs]
